<html>
<body>
<pre>
<h1>µVision Build Log</h1>
<h2>Tool Versions:</h2>
IDE-Version: ¦ÌVision V5.36.0.0
Copyright (C) 2021 ARM Ltd and ARM Germany GmbH. All rights reserved.
License Information: 1 1, 1, LIC=CZLZX-HMG9C-FW82N-YV5UK-0TQ5B-GC3E1
 
Tool Versions:
Toolchain:       MDK-ARM Plus  Version: 5.36.0.0
Toolchain Path:  D:\keil_32\ARM\ARMCLANG\Bin
C Compiler:      ArmClang.exe V6.16
Assembler:       Armasm.exe V6.16
Linker/Locator:  ArmLink.exe V6.16
Library Manager: ArmAr.exe V6.16
Hex Converter:   FromElf.exe V6.16
CPU DLL:         SARMCM3.DLL V5.36.0.0
Dialog DLL:      DCM.DLL V1.17.3.0
Target DLL:      CMSIS_AGDI.dll V1.33.0.0
Dialog DLL:      TCM.DLL V1.53.0.0
 
<h2>Project:</h2>
F:\RM_2024\F1_RTOS_C_PLUS_PLUS\MDK-ARM\F1_RTOS_C_PLUS_PLUS.uvprojx
Project File Date:  02/15/2024

<h2>Output:</h2>
*** Using Compiler 'V6.16', folder: 'D:\keil_32\ARM\ARMCLANG\Bin'
Build target 'F1_RTOS_C_PLUS_PLUS'
compiling RM_Lib.cpp...
linking...
Program Size: Code=12484 RO-data=332 RW-data=16 ZI-data=6264  
FromELF: creating hex file...
"F1_RTOS_C_PLUS_PLUS\F1_RTOS_C_PLUS_PLUS.axf" - 0 Error(s), 0 Warning(s).

<h2>Software Packages used:</h2>

Package Vendor: ARM
                http://www.keil.com/pack/ARM.CMSIS.5.8.0.pack
                ARM.CMSIS.5.8.0
                CMSIS (Common Microcontroller Software Interface Standard)
   * Component: CORE Version: 5.5.0

Package Vendor: Keil
                http://www.keil.com/pack/Keil.STM32F1xx_DFP.2.3.0.pack
                Keil.STM32F1xx_DFP.2.3.0
                STMicroelectronics STM32F1 Series Device Support, Drivers and Examples

<h2>Collection of Component include folders:</h2>
  .\RTE\_F1_RTOS_C_PLUS_PLUS
  D:\keil_32\ARM\CMSIS\5.8.0\CMSIS\Core\Include
  D:\keil_32\Keil\STM32F1xx_DFP\2.3.0\Device\Include

<h2>Collection of Component Files used:</h2>

   * Component: ARM::CMSIS:CORE:5.5.0
      Include file:  CMSIS\Core\Include\tz_context.h
Build Time Elapsed:  00:00:01
</pre>
</body>
</html>
