Component: ARM Compiler 6.16 Tool: armlink [5dfeaa00]

==============================================================================

Section Cross References

    startup_stm32f103xb.o(STACK) refers (Special) to heapauxi.o(.text) for __use_two_region_memory
    startup_stm32f103xb.o(HEAP) refers (Special) to heapauxi.o(.text) for __use_two_region_memory
    startup_stm32f103xb.o(RESET) refers (Special) to heapauxi.o(.text) for __use_two_region_memory
    startup_stm32f103xb.o(RESET) refers to startup_stm32f103xb.o(STACK) for __initial_sp
    startup_stm32f103xb.o(RESET) refers to startup_stm32f103xb.o(.text) for Reset_Handler
    startup_stm32f103xb.o(RESET) refers to stm32f1xx_it.o(.text.NMI_Handler) for NMI_Handler
    startup_stm32f103xb.o(RESET) refers to stm32f1xx_it.o(.text.HardFault_Handler) for HardFault_Handler
    startup_stm32f103xb.o(RESET) refers to stm32f1xx_it.o(.text.MemManage_Handler) for MemManage_Handler
    startup_stm32f103xb.o(RESET) refers to stm32f1xx_it.o(.text.BusFault_Handler) for BusFault_Handler
    startup_stm32f103xb.o(RESET) refers to stm32f1xx_it.o(.text.UsageFault_Handler) for UsageFault_Handler
    startup_stm32f103xb.o(RESET) refers to port.o(.text.SVC_Handler) for SVC_Handler
    startup_stm32f103xb.o(RESET) refers to stm32f1xx_it.o(.text.DebugMon_Handler) for DebugMon_Handler
    startup_stm32f103xb.o(RESET) refers to port.o(.text.PendSV_Handler) for PendSV_Handler
    startup_stm32f103xb.o(RESET) refers to port.o(.text.SysTick_Handler) for SysTick_Handler
    startup_stm32f103xb.o(RESET) refers to stm32f1xx_it.o(.text.DMA1_Channel3_IRQHandler) for DMA1_Channel3_IRQHandler
    startup_stm32f103xb.o(RESET) refers to stm32f1xx_it.o(.text.DMA1_Channel6_IRQHandler) for DMA1_Channel6_IRQHandler
    startup_stm32f103xb.o(RESET) refers to stm32f1xx_it.o(.text.USB_LP_CAN1_RX0_IRQHandler) for USB_LP_CAN1_RX0_IRQHandler
    startup_stm32f103xb.o(RESET) refers to stm32f1xx_it.o(.text.TIM4_IRQHandler) for TIM4_IRQHandler
    startup_stm32f103xb.o(RESET) refers to stm32f1xx_it.o(.text.USART3_IRQHandler) for USART3_IRQHandler
    startup_stm32f103xb.o(.text) refers (Special) to heapauxi.o(.text) for __use_two_region_memory
    startup_stm32f103xb.o(.text) refers to system_stm32f1xx.o(.text.SystemInit) for SystemInit
    startup_stm32f103xb.o(.text) refers to __main.o(!!!main) for __main
    startup_stm32f103xb.o(.text) refers to startup_stm32f103xb.o(HEAP) for Heap_Mem
    startup_stm32f103xb.o(.text) refers to startup_stm32f103xb.o(STACK) for Stack_Mem
    main.o(.text.main) refers to stm32f1xx_hal.o(.text.HAL_Init) for HAL_Init
    main.o(.text.main) refers to main.o(.text.SystemClock_Config) for SystemClock_Config
    main.o(.text.main) refers to gpio.o(.text.MX_GPIO_Init) for MX_GPIO_Init
    main.o(.text.main) refers to dma.o(.text.MX_DMA_Init) for MX_DMA_Init
    main.o(.text.main) refers to can.o(.text.MX_CAN_Init) for MX_CAN_Init
    main.o(.text.main) refers to spi.o(.text.MX_SPI1_Init) for MX_SPI1_Init
    main.o(.text.main) refers to tim.o(.text.MX_TIM1_Init) for MX_TIM1_Init
    main.o(.text.main) refers to usart.o(.text.MX_USART1_UART_Init) for MX_USART1_UART_Init
    main.o(.text.main) refers to usart.o(.text.MX_USART2_UART_Init) for MX_USART2_UART_Init
    main.o(.text.main) refers to usart.o(.text.MX_USART3_UART_Init) for MX_USART3_UART_Init
    main.o(.text.main) refers to freertos.o(.text.MX_FREERTOS_Init) for MX_FREERTOS_Init
    main.o(.text.main) refers to cmsis_os.o(.text.osKernelStart) for osKernelStart
    main.o(.ARM.exidx.text.main) refers to main.o(.text.main) for [Anonymous Symbol]
    main.o(.text.SystemClock_Config) refers to rt_memclr_w.o(.text) for __aeabi_memclr4
    main.o(.text.SystemClock_Config) refers to stm32f1xx_hal_rcc.o(.text.HAL_RCC_OscConfig) for HAL_RCC_OscConfig
    main.o(.text.SystemClock_Config) refers to stm32f1xx_hal_rcc.o(.text.HAL_RCC_ClockConfig) for HAL_RCC_ClockConfig
    main.o(.text.SystemClock_Config) refers to main.o(.text.Error_Handler) for Error_Handler
    main.o(.ARM.exidx.text.SystemClock_Config) refers to main.o(.text.SystemClock_Config) for [Anonymous Symbol]
    main.o(.ARM.exidx.text.Error_Handler) refers to main.o(.text.Error_Handler) for [Anonymous Symbol]
    main.o(.text.HAL_TIM_PeriodElapsedCallback) refers to stm32f1xx_hal.o(.text.HAL_IncTick) for HAL_IncTick
    main.o(.ARM.exidx.text.HAL_TIM_PeriodElapsedCallback) refers to main.o(.text.HAL_TIM_PeriodElapsedCallback) for [Anonymous Symbol]
    gpio.o(.ARM.exidx.text.MX_GPIO_Init) refers to gpio.o(.text.MX_GPIO_Init) for [Anonymous Symbol]
    freertos.o(.text.vApplicationGetIdleTaskMemory) refers to freertos.o(.bss._ZL18xIdleTaskTCBBuffer) for xIdleTaskTCBBuffer
    freertos.o(.text.vApplicationGetIdleTaskMemory) refers to freertos.o(.bss._ZL10xIdleStack) for xIdleStack
    freertos.o(.ARM.exidx.text.vApplicationGetIdleTaskMemory) refers to freertos.o(.text.vApplicationGetIdleTaskMemory) for [Anonymous Symbol]
[...]
    [Anonymous Symbol]                       0x080006a0   Section        0  stm32f1xx_hal_can.o(.text.HAL_CAN_TxMailbox0CompleteCallback)
    [Anonymous Symbol]                       0x080006a4   Section        0  stm32f1xx_hal_can.o(.text.HAL_CAN_TxMailbox1AbortCallback)
    [Anonymous Symbol]                       0x080006a8   Section        0  stm32f1xx_hal_can.o(.text.HAL_CAN_TxMailbox1CompleteCallback)
    [Anonymous Symbol]                       0x080006ac   Section        0  stm32f1xx_hal_can.o(.text.HAL_CAN_TxMailbox2AbortCallback)
    [Anonymous Symbol]                       0x080006b0   Section        0  stm32f1xx_hal_can.o(.text.HAL_CAN_TxMailbox2CompleteCallback)
    [Anonymous Symbol]                       0x080006b4   Section        0  stm32f1xx_hal_can.o(.text.HAL_CAN_WakeUpFromRxMsgCallback)
    [Anonymous Symbol]                       0x080006b8   Section        0  stm32f1xx_hal_dma.o(.text.HAL_DMA_Abort)
    [Anonymous Symbol]                       0x080006f8   Section        0  stm32f1xx_hal_dma.o(.text.HAL_DMA_Abort_IT)
    [Anonymous Symbol]                       0x080007a8   Section        0  stm32f1xx_hal_dma.o(.text.HAL_DMA_IRQHandler)
    [Anonymous Symbol]                       0x08000928   Section        0  stm32f1xx_hal_dma.o(.text.HAL_DMA_Init)
    [Anonymous Symbol]                       0x080009b0   Section        0  stm32f1xx_hal_gpio.o(.text.HAL_GPIO_Init)
    [Anonymous Symbol]                       0x08000bac   Section        0  stm32f1xx_hal.o(.text.HAL_GetTick)
    [Anonymous Symbol]                       0x08000bb8   Section        0  stm32f1xx_hal.o(.text.HAL_IncTick)
    [Anonymous Symbol]                       0x08000bd4   Section        0  stm32f1xx_hal.o(.text.HAL_Init)
    [Anonymous Symbol]                       0x08000bfc   Section        0  stm32f1xx_hal_timebase_tim.o(.text.HAL_InitTick)
    [Anonymous Symbol]                       0x08000ca8   Section        0  stm32f1xx_hal_msp.o(.text.HAL_MspInit)
    [Anonymous Symbol]                       0x08000cf8   Section        0  stm32f1xx_hal_cortex.o(.text.HAL_NVIC_EnableIRQ)
    [Anonymous Symbol]                       0x08000d00   Section        0  stm32f1xx_hal_cortex.o(.text.HAL_NVIC_SetPriority)
    [Anonymous Symbol]                       0x08000d20   Section        0  stm32f1xx_hal_cortex.o(.text.HAL_NVIC_SetPriorityGrouping)
    [Anonymous Symbol]                       0x08000d28   Section        0  stm32f1xx_hal_rcc.o(.text.HAL_RCC_ClockConfig)
    [Anonymous Symbol]                       0x08000e9c   Section        0  stm32f1xx_hal_rcc.o(.text.HAL_RCC_GetClockConfig)
    [Anonymous Symbol]                       0x08000ee0   Section        0  stm32f1xx_hal_rcc.o(.text.HAL_RCC_GetHCLKFreq)
    [Anonymous Symbol]                       0x08000eec   Section        0  stm32f1xx_hal_rcc.o(.text.HAL_RCC_GetPCLK1Freq)
    [Anonymous Symbol]                       0x08000f10   Section        0  stm32f1xx_hal_rcc.o(.text.HAL_RCC_GetPCLK2Freq)
    [Anonymous Symbol]                       0x08000f34   Section        0  stm32f1xx_hal_rcc.o(.text.HAL_RCC_GetSysClockFreq)
    HAL_RCC_GetSysClockFreq.aPLLMULFactorTable 0x08000f80   Number         0  stm32f1xx_hal_rcc.o(.text.HAL_RCC_GetSysClockFreq)
    HAL_RCC_GetSysClockFreq.aPredivFactorTable 0x08000f90   Number         0  stm32f1xx_hal_rcc.o(.text.HAL_RCC_GetSysClockFreq)
    [Anonymous Symbol]                       0x08000f94   Section        0  stm32f1xx_hal_rcc.o(.text.HAL_RCC_OscConfig)
    [Anonymous Symbol]                       0x080012a0   Section        0  stm32f1xx_hal_spi.o(.text.HAL_SPI_Init)
    [Anonymous Symbol]                       0x0800134c   Section        0  spi.o(.text.HAL_SPI_MspInit)
    [Anonymous Symbol]                       0x080013c8   Section        0  stm32f1xx_hal_tim_ex.o(.text.HAL_TIMEx_BreakCallback)
    [Anonymous Symbol]                       0x080013cc   Section        0  stm32f1xx_hal_tim_ex.o(.text.HAL_TIMEx_CommutCallback)
    [Anonymous Symbol]                       0x080013d0   Section        0  stm32f1xx_hal_tim_ex.o(.text.HAL_TIMEx_MasterConfigSynchronization)
    [Anonymous Symbol]                       0x08001448   Section        0  stm32f1xx_hal_tim.o(.text.HAL_TIM_Base_Init)
    [Anonymous Symbol]                       0x080014a4   Section        0  tim.o(.text.HAL_TIM_Base_MspInit)
    [Anonymous Symbol]                       0x080014d8   Section        0  stm32f1xx_hal_tim.o(.text.HAL_TIM_Base_Start_IT)
    [Anonymous Symbol]                       0x08001540   Section        0  stm32f1xx_hal_tim.o(.text.HAL_TIM_ConfigClockSource)
    [Anonymous Symbol]                       0x08001620   Section        0  stm32f1xx_hal_tim.o(.text.HAL_TIM_IC_CaptureCallback)
    [Anonymous Symbol]                       0x08001624   Section        0  stm32f1xx_hal_tim.o(.text.HAL_TIM_IRQHandler)
    [Anonymous Symbol]                       0x08001790   Section        0  stm32f1xx_hal_tim.o(.text.HAL_TIM_OC_DelayElapsedCallback)
    [Anonymous Symbol]                       0x08001794   Section        0  stm32f1xx_hal_tim.o(.text.HAL_TIM_PWM_PulseFinishedCallback)
    [Anonymous Symbol]                       0x08001798   Section        0  main.o(.text.HAL_TIM_PeriodElapsedCallback)
    [Anonymous Symbol]                       0x080017b0   Section        0  stm32f1xx_hal_tim.o(.text.HAL_TIM_TriggerCallback)
    [Anonymous Symbol]                       0x080017b4   Section        0  stm32f1xx_hal_uart.o(.text.HAL_UARTEx_RxEventCallback)
    [Anonymous Symbol]                       0x080017b8   Section        0  stm32f1xx_hal_uart.o(.text.HAL_UART_ErrorCallback)
    [Anonymous Symbol]                       0x080017bc   Section        0  stm32f1xx_hal_uart.o(.text.HAL_UART_IRQHandler)
    [Anonymous Symbol]                       0x08001a00   Section        0  stm32f1xx_hal_uart.o(.text.HAL_UART_Init)
    [Anonymous Symbol]                       0x08001a60   Section        0  usart.o(.text.HAL_UART_MspInit)
    [Anonymous Symbol]                       0x08001c3c   Section        0  stm32f1xx_hal_uart.o(.text.HAL_UART_RxCpltCallback)
    [Anonymous Symbol]                       0x08001c40   Section        0  stm32f1xx_hal_uart.o(.text.HAL_UART_TxCpltCallback)
    [Anonymous Symbol]                       0x08001c44   Section        0  stm32f1xx_it.o(.text.HardFault_Handler)
    [Anonymous Symbol]                       0x08001c48   Section        0  can.o(.text.MX_CAN_Init)
    [Anonymous Symbol]                       0x08001c7c   Section        0  dma.o(.text.MX_DMA_Init)
    [Anonymous Symbol]                       0x08001cc0   Section        0  freertos.o(.text.MX_FREERTOS_Init)
    [Anonymous Symbol]                       0x08001cfc   Section        0  gpio.o(.text.MX_GPIO_Init)
    [Anonymous Symbol]                       0x08001d40   Section        0  spi.o(.text.MX_SPI1_Init)
    [Anonymous Symbol]                       0x08001d88   Section        0  tim.o(.text.MX_TIM1_Init)
    [Anonymous Symbol]                       0x08001e04   Section        0  usart.o(.text.MX_USART1_UART_Init)
    [Anonymous Symbol]                       0x08001e3c   Section        0  usart.o(.text.MX_USART2_UART_Init)
    [Anonymous Symbol]                       0x08001e74   Section        0  usart.o(.text.MX_USART3_UART_Init)
    [Anonymous Symbol]                       0x08001eb8   Section        0  stm32f1xx_it.o(.text.MemManage_Handler)
    [Anonymous Symbol]                       0x08001ebc   Section        0  stm32f1xx_it.o(.text.NMI_Handler)
    NVIC_EncodePriority                      0x08001ec1   Thumb Code    44  stm32f1xx_hal_cortex.o(.text.NVIC_EncodePriority)
    [Anonymous Symbol]                       0x08001ec0   Section        0  stm32f1xx_hal_cortex.o(.text.NVIC_EncodePriority)
    [Anonymous Symbol]                       0x08001ef0   Section        0  port.o(.text.PendSV_Handler)
    pxCurrentTCBConst                        0x08001f30   Number         0  port.o(.text.PendSV_Handler)
    RCC_Delay                                0x08001f35   Thumb Code    44  stm32f1xx_hal_rcc.o(.text.RCC_Delay)
    [Anonymous Symbol]                       0x08001f34   Section        0  stm32f1xx_hal_rcc.o(.text.RCC_Delay)
    [Anonymous Symbol]                       0x08001f60   Section        0  port.o(.text.SVC_Handler)
    pxCurrentTCBConst2                       0x08001f80   Number         0  port.o(.text.SVC_Handler)
    [Anonymous Symbol]                       0x08001f84   Section        0  freertos.o(.text.StartDefaultTask)
    [Anonymous Symbol]                       0x08001f8c   Section        0  port.o(.text.SysTick_Handler)
    [Anonymous Symbol]                       0x08001fbc   Section        0  main.o(.text.SystemClock_Config)
    [Anonymous Symbol]                       0x0800201c   Section        0  system_stm32f1xx.o(.text.SystemInit)
    [Anonymous Symbol]                       0x08002020   Section        0  stm32f1xx_it.o(.text.TIM4_IRQHandler)
    [Anonymous Symbol]                       0x08002030   Section        0  stm32f1xx_hal_tim.o(.text.TIM_Base_SetConfig)
    [Anonymous Symbol]                       0x080020bc   Section        0  stm32f1xx_hal_tim.o(.text.TIM_ETR_SetConfig)
    TIM_ITRx_SetConfig                       0x080020d5   Thumb Code    16  stm32f1xx_hal_tim.o(.text.TIM_ITRx_SetConfig)
    [Anonymous Symbol]                       0x080020d4   Section        0  stm32f1xx_hal_tim.o(.text.TIM_ITRx_SetConfig)
    TIM_TI1_ConfigInputStage                 0x080020e5   Thumb Code    34  stm32f1xx_hal_tim.o(.text.TIM_TI1_ConfigInputStage)
    [Anonymous Symbol]                       0x080020e4   Section        0  stm32f1xx_hal_tim.o(.text.TIM_TI1_ConfigInputStage)
    TIM_TI2_ConfigInputStage                 0x08002109   Thumb Code    36  stm32f1xx_hal_tim.o(.text.TIM_TI2_ConfigInputStage)
    [Anonymous Symbol]                       0x08002108   Section        0  stm32f1xx_hal_tim.o(.text.TIM_TI2_ConfigInputStage)
    UART_DMAAbortOnError                     0x0800212d   Thumb Code    16  stm32f1xx_hal_uart.o(.text.UART_DMAAbortOnError)
    [Anonymous Symbol]                       0x0800212c   Section        0  stm32f1xx_hal_uart.o(.text.UART_DMAAbortOnError)
    UART_EndRxTransfer                       0x0800213d   Thumb Code    80  stm32f1xx_hal_uart.o(.text.UART_EndRxTransfer)
    [Anonymous Symbol]                       0x0800213c   Section        0  stm32f1xx_hal_uart.o(.text.UART_EndRxTransfer)
    UART_EndTransmit_IT                      0x0800218d   Thumb Code    24  stm32f1xx_hal_uart.o(.text.UART_EndTransmit_IT)
    [Anonymous Symbol]                       0x0800218c   Section        0  stm32f1xx_hal_uart.o(.text.UART_EndTransmit_IT)
    UART_Receive_IT                          0x080021a5   Thumb Code   200  stm32f1xx_hal_uart.o(.text.UART_Receive_IT)
    [Anonymous Symbol]                       0x080021a4   Section        0  stm32f1xx_hal_uart.o(.text.UART_Receive_IT)
    UART_SetConfig                           0x0800226d   Thumb Code   142  stm32f1xx_hal_uart.o(.text.UART_SetConfig)
    [Anonymous Symbol]                       0x0800226c   Section        0  stm32f1xx_hal_uart.o(.text.UART_SetConfig)
    UART_Transmit_IT                         0x080022fd   Thumb Code    82  stm32f1xx_hal_uart.o(.text.UART_Transmit_IT)
    [Anonymous Symbol]                       0x080022fc   Section        0  stm32f1xx_hal_uart.o(.text.UART_Transmit_IT)
    [Anonymous Symbol]                       0x08002350   Section        0  stm32f1xx_it.o(.text.USART3_IRQHandler)
    [Anonymous Symbol]                       0x08002360   Section        0  stm32f1xx_it.o(.text.USB_LP_CAN1_RX0_IRQHandler)
    [Anonymous Symbol]                       0x08002370   Section        0  stm32f1xx_it.o(.text.UsageFault_Handler)
    __NVIC_EnableIRQ                         0x08002375   Thumb Code    32  stm32f1xx_hal_cortex.o(.text.__NVIC_EnableIRQ)
    [Anonymous Symbol]                       0x08002374   Section        0  stm32f1xx_hal_cortex.o(.text.__NVIC_EnableIRQ)
    __NVIC_GetPriorityGrouping               0x08002395   Thumb Code    16  stm32f1xx_hal_cortex.o(.text.__NVIC_GetPriorityGrouping)
    [Anonymous Symbol]                       0x08002394   Section        0  stm32f1xx_hal_cortex.o(.text.__NVIC_GetPriorityGrouping)
    __NVIC_SetPriority                       0x080023a5   Thumb Code    34  stm32f1xx_hal_cortex.o(.text.__NVIC_SetPriority)
    [Anonymous Symbol]                       0x080023a4   Section        0  stm32f1xx_hal_cortex.o(.text.__NVIC_SetPriority)
    __NVIC_SetPriorityGrouping               0x080023c9   Thumb Code    32  stm32f1xx_hal_cortex.o(.text.__NVIC_SetPriorityGrouping)
    [Anonymous Symbol]                       0x080023c8   Section        0  stm32f1xx_hal_cortex.o(.text.__NVIC_SetPriorityGrouping)
    [Anonymous Symbol]                       0x080023e8   Section        0  main.o(.text.main)
    makeFreeRtosPriority                     0x0800241d   Thumb Code    12  cmsis_os.o(.text.makeFreeRtosPriority)
    [Anonymous Symbol]                       0x0800241c   Section        0  cmsis_os.o(.text.makeFreeRtosPriority)
    [Anonymous Symbol]                       0x08002428   Section        0  cmsis_os.o(.text.osDelay)
    [Anonymous Symbol]                       0x08002438   Section        0  cmsis_os.o(.text.osKernelStart)
    [Anonymous Symbol]                       0x08002444   Section        0  cmsis_os.o(.text.osThreadCreate)
    prvAddCurrentTaskToDelayedList           0x080024b5   Thumb Code   162  tasks.o(.text.prvAddCurrentTaskToDelayedList)
    [Anonymous Symbol]                       0x080024b4   Section        0  tasks.o(.text.prvAddCurrentTaskToDelayedList)
    prvAddNewTaskToReadyList                 0x08002559   Thumb Code   172  tasks.o(.text.prvAddNewTaskToReadyList)
    [Anonymous Symbol]                       0x08002558   Section        0  tasks.o(.text.prvAddNewTaskToReadyList)
    prvCheckTasksWaitingTermination          0x08002605   Thumb Code    78  tasks.o(.text.prvCheckTasksWaitingTermination)
    [Anonymous Symbol]                       0x08002604   Section        0  tasks.o(.text.prvCheckTasksWaitingTermination)
    prvDeleteTCB                             0x08002655   Thumb Code    54  tasks.o(.text.prvDeleteTCB)
    [Anonymous Symbol]                       0x08002654   Section        0  tasks.o(.text.prvDeleteTCB)
    prvHeapInit                              0x0800268d   Thumb Code   118  heap_4.o(.text.prvHeapInit)
    [Anonymous Symbol]                       0x0800268c   Section        0  heap_4.o(.text.prvHeapInit)
    prvIdleTask                              0x08002705   Thumb Code    42  tasks.o(.text.prvIdleTask)
    [Anonymous Symbol]                       0x08002704   Section        0  tasks.o(.text.prvIdleTask)
    prvInitialiseNewTask                     0x08002731   Thumb Code   122  tasks.o(.text.prvInitialiseNewTask)
    [Anonymous Symbol]                       0x08002730   Section        0  tasks.o(.text.prvInitialiseNewTask)
    prvInitialiseTaskLists                   0x080027ad   Thumb Code   110  tasks.o(.text.prvInitialiseTaskLists)
    [Anonymous Symbol]                       0x080027ac   Section        0  tasks.o(.text.prvInitialiseTaskLists)
    prvInsertBlockIntoFreeList               0x0800281d   Thumb Code    90  heap_4.o(.text.prvInsertBlockIntoFreeList)
    [Anonymous Symbol]                       0x0800281c   Section        0  heap_4.o(.text.prvInsertBlockIntoFreeList)
    prvPortStartFirstTask                    0x08002879   Thumb Code    26  port.o(.text.prvPortStartFirstTask)
    [Anonymous Symbol]                       0x08002878   Section        0  port.o(.text.prvPortStartFirstTask)
    prvResetNextTaskUnblockTime              0x08002899   Thumb Code    40  tasks.o(.text.prvResetNextTaskUnblockTime)
    [Anonymous Symbol]                       0x08002898   Section        0  tasks.o(.text.prvResetNextTaskUnblockTime)
    prvTaskExitError                         0x080028c1   Thumb Code    50  port.o(.text.prvTaskExitError)
    [Anonymous Symbol]                       0x080028c0   Section        0  port.o(.text.prvTaskExitError)
    [Anonymous Symbol]                       0x080028f4   Section        0  heap_4.o(.text.pvPortMalloc)
    [Anonymous Symbol]                       0x08002a30   Section        0  port.o(.text.pxPortInitialiseStack)
    [Anonymous Symbol]                       0x08002a50   Section        0  list.o(.text.uxListRemove)
    [Anonymous Symbol]                       0x08002a74   Section        0  freertos.o(.text.vApplicationGetIdleTaskMemory)
    [Anonymous Symbol]                       0x08002a90   Section        0  list.o(.text.vListInitialise)
    [Anonymous Symbol]                       0x08002aa8   Section        0  list.o(.text.vListInitialiseItem)
    [Anonymous Symbol]                       0x08002ab0   Section        0  list.o(.text.vListInsert)
    [Anonymous Symbol]                       0x08002aec   Section        0  list.o(.text.vListInsertEnd)
    [Anonymous Symbol]                       0x08002b08   Section        0  port.o(.text.vPortEnterCritical)
    [Anonymous Symbol]                       0x08002b50   Section        0  port.o(.text.vPortExitCritical)
    [Anonymous Symbol]                       0x08002b80   Section        0  heap_4.o(.text.vPortFree)
    [Anonymous Symbol]                       0x08002bfc   Section        0  port.o(.text.vPortSetupTimerInterrupt)
    [Anonymous Symbol]                       0x08002c30   Section        0  tasks.o(.text.vTaskDelay)
    [Anonymous Symbol]                       0x08002c84   Section        0  tasks.o(.text.vTaskStartScheduler)
    [Anonymous Symbol]                       0x08002d04   Section        0  tasks.o(.text.vTaskSuspendAll)
    [Anonymous Symbol]                       0x08002d14   Section        0  tasks.o(.text.vTaskSwitchContext)
    [Anonymous Symbol]                       0x08002d9c   Section        0  port.o(.text.xPortStartScheduler)
    [Anonymous Symbol]                       0x08002e58   Section        0  tasks.o(.text.xTaskCreate)
    [Anonymous Symbol]                       0x08002ec0   Section        0  tasks.o(.text.xTaskCreateStatic)
    [Anonymous Symbol]                       0x08002f34   Section        0  tasks.o(.text.xTaskIncrementTick)
    [Anonymous Symbol]                       0x08003098   Section        0  tasks.o(.text.xTaskResumeAll)
    .L__const.MX_FREERTOS_Init.os_thread_def_defaultTask 0x080031b0   Data          28  freertos.o(.rodata..L__const.MX_FREERTOS_Init.os_thread_def_defaultTask)
    [Anonymous Symbol]                       0x080031e4   Section        0  freertos.o(.rodata.str1.1)
    uxCriticalNesting                        0x2000000c   Data           4  port.o(.data.uxCriticalNesting)
    [Anonymous Symbol]                       0x2000000c   Section        0  port.o(.data.uxCriticalNesting)
    .bss                                     0x20000010   Section       96  libspace.o(.bss)
    xIdleStack                               0x20000070   Data         512  freertos.o(.bss._ZL10xIdleStack)
    [Anonymous Symbol]                       0x20000070   Section        0  freertos.o(.bss._ZL10xIdleStack)
    xIdleTaskTCBBuffer                       0x20000270   Data          84  freertos.o(.bss._ZL18xIdleTaskTCBBuffer)
    [Anonymous Symbol]                       0x20000270   Section        0  freertos.o(.bss._ZL18xIdleTaskTCBBuffer)
    pxDelayedTaskList                        0x2000053c   Data           4  tasks.o(.bss.pxDelayedTaskList)
    [Anonymous Symbol]                       0x2000053c   Section        0  tasks.o(.bss.pxDelayedTaskList)
    pxEnd                                    0x20000540   Data           4  heap_4.o(.bss.pxEnd)
    [Anonymous Symbol]                       0x20000540   Section        0  heap_4.o(.bss.pxEnd)
    pxOverflowDelayedTaskList                0x20000544   Data           4  tasks.o(.bss.pxOverflowDelayedTaskList)
    [Anonymous Symbol]                       0x20000544   Section        0  tasks.o(.bss.pxOverflowDelayedTaskList)
    pxReadyTasksLists                        0x20000548   Data         140  tasks.o(.bss.pxReadyTasksLists)
    [Anonymous Symbol]                       0x20000548   Section        0  tasks.o(.bss.pxReadyTasksLists)
    ucHeap                                   0x200005d4   Data        3072  heap_4.o(.bss.ucHeap)
    [Anonymous Symbol]                       0x200005d4   Section        0  heap_4.o(.bss.ucHeap)
    ucMaxSysCallPriority                     0x200011d4   Data           1  port.o(.bss.ucMaxSysCallPriority)
    [Anonymous Symbol]                       0x200011d4   Section        0  port.o(.bss.ucMaxSysCallPriority)
    ulMaxPRIGROUPValue                       0x200011d8   Data           4  port.o(.bss.ulMaxPRIGROUPValue)
    [Anonymous Symbol]                       0x200011d8   Section        0  port.o(.bss.ulMaxPRIGROUPValue)
    uxCurrentNumberOfTasks                   0x200011e0   Data           4  tasks.o(.bss.uxCurrentNumberOfTasks)
    [Anonymous Symbol]                       0x200011e0   Section        0  tasks.o(.bss.uxCurrentNumberOfTasks)
    uxDeletedTasksWaitingCleanUp             0x200011e4   Data           4  tasks.o(.bss.uxDeletedTasksWaitingCleanUp)
    [Anonymous Symbol]                       0x200011e4   Section        0  tasks.o(.bss.uxDeletedTasksWaitingCleanUp)
    uxPendedTicks                            0x200011e8   Data           4  tasks.o(.bss.uxPendedTicks)
    [Anonymous Symbol]                       0x200011e8   Section        0  tasks.o(.bss.uxPendedTicks)
    uxSchedulerSuspended                     0x200011ec   Data           4  tasks.o(.bss.uxSchedulerSuspended)
    [Anonymous Symbol]                       0x200011ec   Section        0  tasks.o(.bss.uxSchedulerSuspended)
    uxTaskNumber                             0x200011f0   Data           4  tasks.o(.bss.uxTaskNumber)
    [Anonymous Symbol]                       0x200011f0   Section        0  tasks.o(.bss.uxTaskNumber)
    uxTopReadyPriority                       0x200011f4   Data           4  tasks.o(.bss.uxTopReadyPriority)
    [Anonymous Symbol]                       0x200011f4   Section        0  tasks.o(.bss.uxTopReadyPriority)
    xBlockAllocatedBit                       0x200011f8   Data           1  heap_4.o(.bss.xBlockAllocatedBit)
    [Anonymous Symbol]                       0x200011f8   Section        0  heap_4.o(.bss.xBlockAllocatedBit)
    xDelayedTaskList1                        0x200011fc   Data          20  tasks.o(.bss.xDelayedTaskList1)
    [Anonymous Symbol]                       0x200011fc   Section        0  tasks.o(.bss.xDelayedTaskList1)
    xDelayedTaskList2                        0x20001210   Data          20  tasks.o(.bss.xDelayedTaskList2)
    [Anonymous Symbol]                       0x20001210   Section        0  tasks.o(.bss.xDelayedTaskList2)
    xFreeBytesRemaining                      0x20001224   Data           4  heap_4.o(.bss.xFreeBytesRemaining)
    [Anonymous Symbol]                       0x20001224   Section        0  heap_4.o(.bss.xFreeBytesRemaining)
    xIdleTaskHandle                          0x20001228   Data           4  tasks.o(.bss.xIdleTaskHandle)
    [Anonymous Symbol]                       0x20001228   Section        0  tasks.o(.bss.xIdleTaskHandle)
    xMinimumEverFreeBytesRemaining           0x2000122c   Data           4  heap_4.o(.bss.xMinimumEverFreeBytesRemaining)
    [Anonymous Symbol]                       0x2000122c   Section        0  heap_4.o(.bss.xMinimumEverFreeBytesRemaining)
    xNextTaskUnblockTime                     0x20001230   Data           4  tasks.o(.bss.xNextTaskUnblockTime)
    [Anonymous Symbol]                       0x20001230   Section        0  tasks.o(.bss.xNextTaskUnblockTime)
    xNumOfOverflows                          0x20001234   Data           4  tasks.o(.bss.xNumOfOverflows)
    [Anonymous Symbol]                       0x20001234   Section        0  tasks.o(.bss.xNumOfOverflows)
    xPendingReadyList                        0x20001238   Data          20  tasks.o(.bss.xPendingReadyList)
    [Anonymous Symbol]                       0x20001238   Section        0  tasks.o(.bss.xPendingReadyList)
    xSchedulerRunning                        0x2000124c   Data           4  tasks.o(.bss.xSchedulerRunning)
    [Anonymous Symbol]                       0x2000124c   Section        0  tasks.o(.bss.xSchedulerRunning)
    xStart                                   0x20001250   Data           8  heap_4.o(.bss.xStart)
    [Anonymous Symbol]                       0x20001250   Section        0  heap_4.o(.bss.xStart)
    xSuspendedTaskList                       0x20001258   Data          20  tasks.o(.bss.xSuspendedTaskList)
    [Anonymous Symbol]                       0x20001258   Section        0  tasks.o(.bss.xSuspendedTaskList)
    xTasksWaitingTermination                 0x2000126c   Data          20  tasks.o(.bss.xTasksWaitingTermination)
    [Anonymous Symbol]                       0x2000126c   Section        0  tasks.o(.bss.xTasksWaitingTermination)
    xTickCount                               0x20001280   Data           4  tasks.o(.bss.xTickCount)
    [Anonymous Symbol]                       0x20001280   Section        0  tasks.o(.bss.xTickCount)
    xYieldPending                            0x20001284   Data           4  tasks.o(.bss.xYieldPending)
    [Anonymous Symbol]                       0x20001284   Section        0  tasks.o(.bss.xYieldPending)
    Heap_Mem                                 0x20001288   Data         512  startup_stm32f103xb.o(HEAP)
    HEAP                                     0x20001288   Section      512  startup_stm32f103xb.o(HEAP)
    Stack_Mem                                0x20001488   Data        1024  startup_stm32f103xb.o(STACK)
    STACK                                    0x20001488   Section     1024  startup_stm32f103xb.o(STACK)
    __initial_sp                             0x20001888   Data           0  startup_stm32f103xb.o(STACK)

    Global Symbols

    Symbol Name                              Value     Ov Type        Size  Object(Section)

    BuildAttributes$$THM_ISAv4$P$D$K$B$S$PE$A:L22UL41UL21$X:L11$S22US41US21$IEEE1$IW$~IW$USESV6$~STKCKD$USESV7$~SHL$OTIME$ROPI$IEEEX$EBA8$UX$STANDARDLIB$REQ8$PRES8$EABIv2 0x00000000   Number         0  anon$$obj.o ABSOLUTE
    __fp_init_empty                          0x00000000   Number         0  fpinit_empty.o ABSOLUTE
    _printf_flags                            0x00000000   Number         0  printf_stubs.o ABSOLUTE
    _printf_return_value                     0x00000000   Number         0  printf_stubs.o ABSOLUTE
    _printf_sizespec                         0x00000000   Number         0  printf_stubs.o ABSOLUTE
    _printf_widthprec                        0x00000000   Number         0  printf_stubs.o ABSOLUTE
    __ARM_exceptions_init                     - Undefined Weak Reference
    __alloca_initialize                       - Undefined Weak Reference
    __arm_preinit_                            - Undefined Weak Reference
    __cpp_initialize__aeabi_                  - Undefined Weak Reference
    __cxa_finalize                            - Undefined Weak Reference
    __rt_locale                               - Undefined Weak Reference
    __sigvec_lookup                           - Undefined Weak Reference
    _atexit_init                              - Undefined Weak Reference
    _call_atexit_fns                          - Undefined Weak Reference
    _clock_init                               - Undefined Weak Reference
    _fp_trap_init                             - Undefined Weak Reference
    _fp_trap_shutdown                         - Undefined Weak Reference
    _get_lc_collate                           - Undefined Weak Reference
    _get_lc_ctype                             - Undefined Weak Reference
    _get_lc_monetary                          - Undefined Weak Reference
    _get_lc_numeric                           - Undefined Weak Reference
    _get_lc_time                              - Undefined Weak Reference
    _getenv_init                              - Undefined Weak Reference
    _handle_redirection                       - Undefined Weak Reference
    _init_alloc                               - Undefined Weak Reference
    _init_user_alloc                          - Undefined Weak Reference
    _initio                                   - Undefined Weak Reference
    _printf_truncate_unsigned                 - Undefined Weak Reference
    _rand_init                                - Undefined Weak Reference
    _signal_finish                            - Undefined Weak Reference
    _signal_init                              - Undefined Weak Reference
    _terminate_alloc                          - Undefined Weak Reference
    _terminate_user_alloc                     - Undefined Weak Reference
    _terminateio                              - Undefined Weak Reference
    __Vectors_Size                           0x000000ec   Number         0  startup_stm32f103xb.o ABSOLUTE
    __Vectors                                0x08000000   Data           4  startup_stm32f103xb.o(RESET)
    __Vectors_End                            0x080000ec   Data           0  startup_stm32f103xb.o(RESET)
    __main                                   0x080000ed   Thumb Code     8  __main.o(!!!main)
    __scatterload                            0x080000f5   Thumb Code     0  __scatter.o(!!!scatter)
    __scatterload_rt2                        0x080000f5   Thumb Code    44  __scatter.o(!!!scatter)
    __scatterload_rt2_thumb_only             0x080000f5   Thumb Code     0  __scatter.o(!!!scatter)
    __scatterload_null                       0x08000103   Thumb Code     0  __scatter.o(!!!scatter)
    __scatterload_copy                       0x08000129   Thumb Code    26  __scatter_copy.o(!!handler_copy)
    __scatterload_zeroinit                   0x08000145   Thumb Code    28  __scatter_zi.o(!!handler_zi)
    __rt_lib_init                            0x08000161   Thumb Code     0  libinit.o(.ARM.Collect$$libinit$$00000000)
    __rt_lib_init_alloca_1                   0x08000163   Thumb Code     0  libinit2.o(.ARM.Collect$$libinit$$0000002E)
    __rt_lib_init_argv_1                     0x08000163   Thumb Code     0  libinit2.o(.ARM.Collect$$libinit$$0000002C)
    __rt_lib_init_atexit_1                   0x08000163   Thumb Code     0  libinit2.o(.ARM.Collect$$libinit$$0000001B)
    __rt_lib_init_clock_1                    0x08000163   Thumb Code     0  libinit2.o(.ARM.Collect$$libinit$$00000021)
    __rt_lib_init_cpp_1                      0x08000163   Thumb Code     0  libinit2.o(.ARM.Collect$$libinit$$00000032)
    __rt_lib_init_exceptions_1               0x08000163   Thumb Code     0  libinit2.o(.ARM.Collect$$libinit$$00000030)
    __rt_lib_init_fp_1                       0x08000163   Thumb Code     0  libinit2.o(.ARM.Collect$$libinit$$00000002)
    __rt_lib_init_fp_trap_1                  0x08000163   Thumb Code     0  libinit2.o(.ARM.Collect$$libinit$$0000001F)
    __rt_lib_init_getenv_1                   0x08000163   Thumb Code     0  libinit2.o(.ARM.Collect$$libinit$$00000023)
    __rt_lib_init_heap_1                     0x08000163   Thumb Code     0  libinit2.o(.ARM.Collect$$libinit$$0000000A)
    __rt_lib_init_lc_collate_1               0x08000163   Thumb Code     0  libinit2.o(.ARM.Collect$$libinit$$00000011)
    __rt_lib_init_lc_ctype_1                 0x08000163   Thumb Code     0  libinit2.o(.ARM.Collect$$libinit$$00000013)
    __rt_lib_init_lc_monetary_1              0x08000163   Thumb Code     0  libinit2.o(.ARM.Collect$$libinit$$00000015)
    __rt_lib_init_lc_numeric_1               0x08000163   Thumb Code     0  libinit2.o(.ARM.Collect$$libinit$$00000017)
    __rt_lib_init_lc_time_1                  0x08000163   Thumb Code     0  libinit2.o(.ARM.Collect$$libinit$$00000019)
    __rt_lib_init_preinit_1                  0x08000163   Thumb Code     0  libinit2.o(.ARM.Collect$$libinit$$00000004)
    __rt_lib_init_rand_1                     0x08000163   Thumb Code     0  libinit2.o(.ARM.Collect$$libinit$$0000000E)
    __rt_lib_init_return                     0x08000163   Thumb Code     0  libinit2.o(.ARM.Collect$$libinit$$00000033)
    __rt_lib_init_signal_1                   0x08000163   Thumb Code     0  libinit2.o(.ARM.Collect$$libinit$$0000001D)
    __rt_lib_init_stdio_1                    0x08000163   Thumb Code     0  libinit2.o(.ARM.Collect$$libinit$$00000025)
    __rt_lib_init_user_alloc_1               0x08000163   Thumb Code     0  libinit2.o(.ARM.Collect$$libinit$$0000000C)
    __rt_lib_shutdown                        0x08000165   Thumb Code     0  libshutdown.o(.ARM.Collect$$libshutdown$$00000000)
    __rt_lib_shutdown_cpp_1                  0x08000167   Thumb Code     0  libshutdown2.o(.ARM.Collect$$libshutdown$$00000002)
    __rt_lib_shutdown_fp_trap_1              0x08000167   Thumb Code     0  libshutdown2.o(.ARM.Collect$$libshutdown$$00000007)
    __rt_lib_shutdown_heap_1                 0x08000167   Thumb Code     0  libshutdown2.o(.ARM.Collect$$libshutdown$$0000000F)
    __rt_lib_shutdown_return                 0x08000167   Thumb Code     0  libshutdown2.o(.ARM.Collect$$libshutdown$$00000010)
    __rt_lib_shutdown_signal_1               0x08000167   Thumb Code     0  libshutdown2.o(.ARM.Collect$$libshutdown$$0000000A)
    __rt_lib_shutdown_stdio_1                0x08000167   Thumb Code     0  libshutdown2.o(.ARM.Collect$$libshutdown$$00000004)
    __rt_lib_shutdown_user_alloc_1           0x08000167   Thumb Code     0  libshutdown2.o(.ARM.Collect$$libshutdown$$0000000C)
    __rt_entry                               0x08000169   Thumb Code     0  __rtentry.o(.ARM.Collect$$rtentry$$00000000)
    __rt_entry_presh_1                       0x08000169   Thumb Code     0  __rtentry2.o(.ARM.Collect$$rtentry$$00000002)
    __rt_entry_sh                            0x08000169   Thumb Code     0  __rtentry4.o(.ARM.Collect$$rtentry$$00000004)
    __rt_entry_li                            0x0800016f   Thumb Code     0  __rtentry2.o(.ARM.Collect$$rtentry$$0000000A)
    __rt_entry_postsh_1                      0x0800016f   Thumb Code     0  __rtentry2.o(.ARM.Collect$$rtentry$$00000009)
    __rt_entry_main                          0x08000173   Thumb Code     0  __rtentry2.o(.ARM.Collect$$rtentry$$0000000D)
    __rt_entry_postli_1                      0x08000173   Thumb Code     0  __rtentry2.o(.ARM.Collect$$rtentry$$0000000C)
    __rt_exit                                0x0800017b   Thumb Code     0  rtexit.o(.ARM.Collect$$rtexit$$00000000)
    __rt_exit_ls                             0x0800017d   Thumb Code     0  rtexit2.o(.ARM.Collect$$rtexit$$00000003)
    __rt_exit_prels_1                        0x0800017d   Thumb Code     0  rtexit2.o(.ARM.Collect$$rtexit$$00000002)
    __rt_exit_exit                           0x08000181   Thumb Code     0  rtexit2.o(.ARM.Collect$$rtexit$$00000004)
    Reset_Handler                            0x08000189   Thumb Code     8  startup_stm32f103xb.o(.text)
    ADC1_2_IRQHandler                        0x080001a3   Thumb Code     0  startup_stm32f103xb.o(.text)
    CAN1_RX1_IRQHandler                      0x080001a3   Thumb Code     0  startup_stm32f103xb.o(.text)
    CAN1_SCE_IRQHandler                      0x080001a3   Thumb Code     0  startup_stm32f103xb.o(.text)
    DMA1_Channel1_IRQHandler                 0x080001a3   Thumb Code     0  startup_stm32f103xb.o(.text)
    DMA1_Channel2_IRQHandler                 0x080001a3   Thumb Code     0  startup_stm32f103xb.o(.text)
    DMA1_Channel4_IRQHandler                 0x080001a3   Thumb Code     0  startup_stm32f103xb.o(.text)
    DMA1_Channel5_IRQHandler                 0x080001a3   Thumb Code     0  startup_stm32f103xb.o(.text)
    DMA1_Channel7_IRQHandler                 0x080001a3   Thumb Code     0  startup_stm32f103xb.o(.text)
    EXTI0_IRQHandler                         0x080001a3   Thumb Code     0  startup_stm32f103xb.o(.text)
    EXTI15_10_IRQHandler                     0x080001a3   Thumb Code     0  startup_stm32f103xb.o(.text)
    EXTI1_IRQHandler                         0x080001a3   Thumb Code     0  startup_stm32f103xb.o(.text)
    EXTI2_IRQHandler                         0x080001a3   Thumb Code     0  startup_stm32f103xb.o(.text)
    EXTI3_IRQHandler                         0x080001a3   Thumb Code     0  startup_stm32f103xb.o(.text)
    EXTI4_IRQHandler                         0x080001a3   Thumb Code     0  startup_stm32f103xb.o(.text)
    EXTI9_5_IRQHandler                       0x080001a3   Thumb Code     0  startup_stm32f103xb.o(.text)
    FLASH_IRQHandler                         0x080001a3   Thumb Code     0  startup_stm32f103xb.o(.text)
    I2C1_ER_IRQHandler                       0x080001a3   Thumb Code     0  startup_stm32f103xb.o(.text)
    I2C1_EV_IRQHandler                       0x080001a3   Thumb Code     0  startup_stm32f103xb.o(.text)
    I2C2_ER_IRQHandler                       0x080001a3   Thumb Code     0  startup_stm32f103xb.o(.text)
    I2C2_EV_IRQHandler                       0x080001a3   Thumb Code     0  startup_stm32f103xb.o(.text)
    PVD_IRQHandler                           0x080001a3   Thumb Code     0  startup_stm32f103xb.o(.text)
    RCC_IRQHandler                           0x080001a3   Thumb Code     0  startup_stm32f103xb.o(.text)
    RTC_Alarm_IRQHandler                     0x080001a3   Thumb Code     0  startup_stm32f103xb.o(.text)
    RTC_IRQHandler                           0x080001a3   Thumb Code     0  startup_stm32f103xb.o(.text)
    SPI1_IRQHandler                          0x080001a3   Thumb Code     0  startup_stm32f103xb.o(.text)
    SPI2_IRQHandler                          0x080001a3   Thumb Code     0  startup_stm32f103xb.o(.text)
    TAMPER_IRQHandler                        0x080001a3   Thumb Code     0  startup_stm32f103xb.o(.text)
    TIM1_BRK_IRQHandler                      0x080001a3   Thumb Code     0  startup_stm32f103xb.o(.text)
    TIM1_CC_IRQHandler                       0x080001a3   Thumb Code     0  startup_stm32f103xb.o(.text)
    TIM1_TRG_COM_IRQHandler                  0x080001a3   Thumb Code     0  startup_stm32f103xb.o(.text)
    TIM1_UP_IRQHandler                       0x080001a3   Thumb Code     0  startup_stm32f103xb.o(.text)
    TIM2_IRQHandler                          0x080001a3   Thumb Code     0  startup_stm32f103xb.o(.text)
    TIM3_IRQHandler                          0x080001a3   Thumb Code     0  startup_stm32f103xb.o(.text)
    USART1_IRQHandler                        0x080001a3   Thumb Code     0  startup_stm32f103xb.o(.text)
    USART2_IRQHandler                        0x080001a3   Thumb Code     0  startup_stm32f103xb.o(.text)
    USBWakeUp_IRQHandler                     0x080001a3   Thumb Code     0  startup_stm32f103xb.o(.text)
    USB_HP_CAN1_TX_IRQHandler                0x080001a3   Thumb Code     0  startup_stm32f103xb.o(.text)
    WWDG_IRQHandler                          0x080001a3   Thumb Code     0  startup_stm32f103xb.o(.text)
    __user_initial_stackheap                 0x080001a5   Thumb Code     0  startup_stm32f103xb.o(.text)
    __aeabi_memclr4                          0x080001c9   Thumb Code     0  rt_memclr_w.o(.text)
    __aeabi_memclr8                          0x080001c9   Thumb Code     0  rt_memclr_w.o(.text)
    __rt_memclr_w                            0x080001c9   Thumb Code     0  rt_memclr_w.o(.text)
    _memset_w                                0x080001cd   Thumb Code    74  rt_memclr_w.o(.text)
    __use_two_region_memory                  0x08000217   Thumb Code     2  heapauxi.o(.text)
    __rt_heap_escrow$2region                 0x08000219   Thumb Code     2  heapauxi.o(.text)
    __rt_heap_expand$2region                 0x0800021b   Thumb Code     2  heapauxi.o(.text)
    __user_libspace                          0x0800021d   Thumb Code     8  libspace.o(.text)
    __user_perproc_libspace                  0x0800021d   Thumb Code     0  libspace.o(.text)
    __user_perthread_libspace                0x0800021d   Thumb Code     0  libspace.o(.text)
    __user_setup_stackheap                   0x08000225   Thumb Code    74  sys_stackheap_outer.o(.text)
    exit                                     0x0800026f   Thumb Code    18  exit.o(.text)
    _sys_exit                                0x08000281   Thumb Code     8  sys_exit.o(.text)
    __I$use$semihosting                      0x0800028d   Thumb Code     0  use_no_semi.o(.text)
    __use_no_semihosting_swi                 0x0800028d   Thumb Code     2  use_no_semi.o(.text)
    __semihosting_library_function           0x0800028f   Thumb Code     0  indicate_semi.o(.text)
    BusFault_Handler                         0x08000291   Thumb Code     2  stm32f1xx_it.o(.text.BusFault_Handler)
    DMA1_Channel3_IRQHandler                 0x08000295   Thumb Code    16  stm32f1xx_it.o(.text.DMA1_Channel3_IRQHandler)
    DMA1_Channel6_IRQHandler                 0x080002a5   Thumb Code    16  stm32f1xx_it.o(.text.DMA1_Channel6_IRQHandler)
    DebugMon_Handler                         0x080002b5   Thumb Code     2  stm32f1xx_it.o(.text.DebugMon_Handler)
    Error_Handler                            0x080002b9   Thumb Code    10  main.o(.text.Error_Handler)
    HAL_CAN_ErrorCallback                    0x080002c5   Thumb Code     2  stm32f1xx_hal_can.o(.text.HAL_CAN_ErrorCallback)
    HAL_CAN_IRQHandler                       0x080002c9   Thumb Code   570  stm32f1xx_hal_can.o(.text.HAL_CAN_IRQHandler)
    HAL_CAN_Init                             0x08000505   Thumb Code   244  stm32f1xx_hal_can.o(.text.HAL_CAN_Init)
    HAL_CAN_MspInit                          0x080005f9   Thumb Code   142  can.o(.text.HAL_CAN_MspInit)
    HAL_CAN_RxFifo0FullCallback              0x08000689   Thumb Code     2  stm32f1xx_hal_can.o(.text.HAL_CAN_RxFifo0FullCallback)
    HAL_CAN_RxFifo0MsgPendingCallback        0x0800068d   Thumb Code     2  stm32f1xx_hal_can.o(.text.HAL_CAN_RxFifo0MsgPendingCallback)
    HAL_CAN_RxFifo1FullCallback              0x08000691   Thumb Code     2  stm32f1xx_hal_can.o(.text.HAL_CAN_RxFifo1FullCallback)
    HAL_CAN_RxFifo1MsgPendingCallback        0x08000695   Thumb Code     2  stm32f1xx_hal_can.o(.text.HAL_CAN_RxFifo1MsgPendingCallback)
    HAL_CAN_SleepCallback                    0x08000699   Thumb Code     2  stm32f1xx_hal_can.o(.text.HAL_CAN_SleepCallback)
    HAL_CAN_TxMailbox0AbortCallback          0x0800069d   Thumb Code     2  stm32f1xx_hal_can.o(.text.HAL_CAN_TxMailbox0AbortCallback)
    HAL_CAN_TxMailbox0CompleteCallback       0x080006a1   Thumb Code     2  stm32f1xx_hal_can.o(.text.HAL_CAN_TxMailbox0CompleteCallback)
    HAL_CAN_TxMailbox1AbortCallback          0x080006a5   Thumb Code     2  stm32f1xx_hal_can.o(.text.HAL_CAN_TxMailbox1AbortCallback)
    HAL_CAN_TxMailbox1CompleteCallback       0x080006a9   Thumb Code     2  stm32f1xx_hal_can.o(.text.HAL_CAN_TxMailbox1CompleteCallback)
    HAL_CAN_TxMailbox2AbortCallback          0x080006ad   Thumb Code     2  stm32f1xx_hal_can.o(.text.HAL_CAN_TxMailbox2AbortCallback)
    HAL_CAN_TxMailbox2CompleteCallback       0x080006b1   Thumb Code     2  stm32f1xx_hal_can.o(.text.HAL_CAN_TxMailbox2CompleteCallback)
    HAL_CAN_WakeUpFromRxMsgCallback          0x080006b5   Thumb Code     2  stm32f1xx_hal_can.o(.text.HAL_CAN_WakeUpFromRxMsgCallback)
    HAL_DMA_Abort                            0x080006b9   Thumb Code    64  stm32f1xx_hal_dma.o(.text.HAL_DMA_Abort)
    HAL_DMA_Abort_IT                         0x080006f9   Thumb Code   174  stm32f1xx_hal_dma.o(.text.HAL_DMA_Abort_IT)
    HAL_DMA_IRQHandler                       0x080007a9   Thumb Code   382  stm32f1xx_hal_dma.o(.text.HAL_DMA_IRQHandler)
    HAL_DMA_Init                             0x08000929   Thumb Code   136  stm32f1xx_hal_dma.o(.text.HAL_DMA_Init)
    HAL_GPIO_Init                            0x080009b1   Thumb Code   506  stm32f1xx_hal_gpio.o(.text.HAL_GPIO_Init)
    HAL_GetTick                              0x08000bad   Thumb Code    12  stm32f1xx_hal.o(.text.HAL_GetTick)
    HAL_IncTick                              0x08000bb9   Thumb Code    26  stm32f1xx_hal.o(.text.HAL_IncTick)
    HAL_Init                                 0x08000bd5   Thumb Code    38  stm32f1xx_hal.o(.text.HAL_Init)
    HAL_InitTick                             0x08000bfd   Thumb Code   172  stm32f1xx_hal_timebase_tim.o(.text.HAL_InitTick)
    HAL_MspInit                              0x08000ca9   Thumb Code    80  stm32f1xx_hal_msp.o(.text.HAL_MspInit)
    HAL_NVIC_EnableIRQ                       0x08000cf9   Thumb Code     8  stm32f1xx_hal_cortex.o(.text.HAL_NVIC_EnableIRQ)
    HAL_NVIC_SetPriority                     0x08000d01   Thumb Code    30  stm32f1xx_hal_cortex.o(.text.HAL_NVIC_SetPriority)
    HAL_NVIC_SetPriorityGrouping             0x08000d21   Thumb Code     8  stm32f1xx_hal_cortex.o(.text.HAL_NVIC_SetPriorityGrouping)
    HAL_RCC_ClockConfig                      0x08000d29   Thumb Code   372  stm32f1xx_hal_rcc.o(.text.HAL_RCC_ClockConfig)
    HAL_RCC_GetClockConfig                   0x08000e9d   Thumb Code    66  stm32f1xx_hal_rcc.o(.text.HAL_RCC_GetClockConfig)
    HAL_RCC_GetHCLKFreq                      0x08000ee1   Thumb Code    12  stm32f1xx_hal_rcc.o(.text.HAL_RCC_GetHCLKFreq)
    HAL_RCC_GetPCLK1Freq                     0x08000eed   Thumb Code    34  stm32f1xx_hal_rcc.o(.text.HAL_RCC_GetPCLK1Freq)
    HAL_RCC_GetPCLK2Freq                     0x08000f11   Thumb Code    34  stm32f1xx_hal_rcc.o(.text.HAL_RCC_GetPCLK2Freq)
    HAL_RCC_GetSysClockFreq                  0x08000f35   Thumb Code    76  stm32f1xx_hal_rcc.o(.text.HAL_RCC_GetSysClockFreq)
    HAL_RCC_OscConfig                        0x08000f95   Thumb Code   780  stm32f1xx_hal_rcc.o(.text.HAL_RCC_OscConfig)
    HAL_SPI_Init                             0x080012a1   Thumb Code   172  stm32f1xx_hal_spi.o(.text.HAL_SPI_Init)
    HAL_SPI_MspInit                          0x0800134d   Thumb Code   122  spi.o(.text.HAL_SPI_MspInit)
    HAL_TIMEx_BreakCallback                  0x080013c9   Thumb Code     2  stm32f1xx_hal_tim_ex.o(.text.HAL_TIMEx_BreakCallback)
    HAL_TIMEx_CommutCallback                 0x080013cd   Thumb Code     2  stm32f1xx_hal_tim_ex.o(.text.HAL_TIMEx_CommutCallback)
    HAL_TIMEx_MasterConfigSynchronization    0x080013d1   Thumb Code   118  stm32f1xx_hal_tim_ex.o(.text.HAL_TIMEx_MasterConfigSynchronization)
    HAL_TIM_Base_Init                        0x08001449   Thumb Code    90  stm32f1xx_hal_tim.o(.text.HAL_TIM_Base_Init)
    HAL_TIM_Base_MspInit                     0x080014a5   Thumb Code    50  tim.o(.text.HAL_TIM_Base_MspInit)
    HAL_TIM_Base_Start_IT                    0x080014d9   Thumb Code   102  stm32f1xx_hal_tim.o(.text.HAL_TIM_Base_Start_IT)
    HAL_TIM_ConfigClockSource                0x08001541   Thumb Code   222  stm32f1xx_hal_tim.o(.text.HAL_TIM_ConfigClockSource)
    HAL_TIM_IC_CaptureCallback               0x08001621   Thumb Code     2  stm32f1xx_hal_tim.o(.text.HAL_TIM_IC_CaptureCallback)
    HAL_TIM_IRQHandler                       0x08001625   Thumb Code   362  stm32f1xx_hal_tim.o(.text.HAL_TIM_IRQHandler)
    HAL_TIM_OC_DelayElapsedCallback          0x08001791   Thumb Code     2  stm32f1xx_hal_tim.o(.text.HAL_TIM_OC_DelayElapsedCallback)
    HAL_TIM_PWM_PulseFinishedCallback        0x08001795   Thumb Code     2  stm32f1xx_hal_tim.o(.text.HAL_TIM_PWM_PulseFinishedCallback)
    HAL_TIM_PeriodElapsedCallback            0x08001799   Thumb Code    22  main.o(.text.HAL_TIM_PeriodElapsedCallback)
    HAL_TIM_TriggerCallback                  0x080017b1   Thumb Code     2  stm32f1xx_hal_tim.o(.text.HAL_TIM_TriggerCallback)
    HAL_UARTEx_RxEventCallback               0x080017b5   Thumb Code     2  stm32f1xx_hal_uart.o(.text.HAL_UARTEx_RxEventCallback)
    HAL_UART_ErrorCallback                   0x080017b9   Thumb Code     2  stm32f1xx_hal_uart.o(.text.HAL_UART_ErrorCallback)
    HAL_UART_IRQHandler                      0x080017bd   Thumb Code   578  stm32f1xx_hal_uart.o(.text.HAL_UART_IRQHandler)
    HAL_UART_Init                            0x08001a01   Thumb Code    96  stm32f1xx_hal_uart.o(.text.HAL_UART_Init)
    HAL_UART_MspInit                         0x08001a61   Thumb Code   474  usart.o(.text.HAL_UART_MspInit)
    HAL_UART_RxCpltCallback                  0x08001c3d   Thumb Code     2  stm32f1xx_hal_uart.o(.text.HAL_UART_RxCpltCallback)
    HAL_UART_TxCpltCallback                  0x08001c41   Thumb Code     2  stm32f1xx_hal_uart.o(.text.HAL_UART_TxCpltCallback)
    HardFault_Handler                        0x08001c45   Thumb Code     2  stm32f1xx_it.o(.text.HardFault_Handler)
    MX_CAN_Init                              0x08001c49   Thumb Code    50  can.o(.text.MX_CAN_Init)
    MX_DMA_Init                              0x08001c7d   Thumb Code    66  dma.o(.text.MX_DMA_Init)
    MX_FREERTOS_Init                         0x08001cc1   Thumb Code    60  freertos.o(.text.MX_FREERTOS_Init)
    MX_GPIO_Init                             0x08001cfd   Thumb Code    68  gpio.o(.text.MX_GPIO_Init)
    MX_SPI1_Init                             0x08001d41   Thumb Code    72  spi.o(.text.MX_SPI1_Init)
    MX_TIM1_Init                             0x08001d89   Thumb Code   124  tim.o(.text.MX_TIM1_Init)
    MX_USART1_UART_Init                      0x08001e05   Thumb Code    56  usart.o(.text.MX_USART1_UART_Init)
    MX_USART2_UART_Init                      0x08001e3d   Thumb Code    56  usart.o(.text.MX_USART2_UART_Init)
    MX_USART3_UART_Init                      0x08001e75   Thumb Code    66  usart.o(.text.MX_USART3_UART_Init)
    MemManage_Handler                        0x08001eb9   Thumb Code     2  stm32f1xx_it.o(.text.MemManage_Handler)
    NMI_Handler                              0x08001ebd   Thumb Code     2  stm32f1xx_it.o(.text.NMI_Handler)
    PendSV_Handler                           0x08001ef1   Thumb Code    68  port.o(.text.PendSV_Handler)
    SVC_Handler                              0x08001f61   Thumb Code    36  port.o(.text.SVC_Handler)
    StartDefaultTask                         0x08001f85   Thumb Code     8  freertos.o(.text.StartDefaultTask)
    SysTick_Handler                          0x08001f8d   Thumb Code    46  port.o(.text.SysTick_Handler)
    SystemClock_Config                       0x08001fbd   Thumb Code    96  main.o(.text.SystemClock_Config)
    SystemInit                               0x0800201d   Thumb Code     2  system_stm32f1xx.o(.text.SystemInit)
    TIM4_IRQHandler                          0x08002021   Thumb Code    16  stm32f1xx_it.o(.text.TIM4_IRQHandler)
    TIM_Base_SetConfig                       0x08002031   Thumb Code   138  stm32f1xx_hal_tim.o(.text.TIM_Base_SetConfig)
    TIM_ETR_SetConfig                        0x080020bd   Thumb Code    22  stm32f1xx_hal_tim.o(.text.TIM_ETR_SetConfig)
    USART3_IRQHandler                        0x08002351   Thumb Code    16  stm32f1xx_it.o(.text.USART3_IRQHandler)
    USB_LP_CAN1_RX0_IRQHandler               0x08002361   Thumb Code    16  stm32f1xx_it.o(.text.USB_LP_CAN1_RX0_IRQHandler)
    UsageFault_Handler                       0x08002371   Thumb Code     2  stm32f1xx_it.o(.text.UsageFault_Handler)
    main                                     0x080023e9   Thumb Code    50  main.o(.text.main)
    osDelay                                  0x08002429   Thumb Code    16  cmsis_os.o(.text.osDelay)
    osKernelStart                            0x08002439   Thumb Code    10  cmsis_os.o(.text.osKernelStart)
    osThreadCreate                           0x08002445   Thumb Code   110  cmsis_os.o(.text.osThreadCreate)
    pvPortMalloc                             0x080028f5   Thumb Code   316  heap_4.o(.text.pvPortMalloc)
    pxPortInitialiseStack                    0x08002a31   Thumb Code    32  port.o(.text.pxPortInitialiseStack)
    uxListRemove                             0x08002a51   Thumb Code    36  list.o(.text.uxListRemove)
    vApplicationGetIdleTaskMemory            0x08002a75   Thumb Code    26  freertos.o(.text.vApplicationGetIdleTaskMemory)
    vListInitialise                          0x08002a91   Thumb Code    22  list.o(.text.vListInitialise)
    vListInitialiseItem                      0x08002aa9   Thumb Code     6  list.o(.text.vListInitialiseItem)
    vListInsert                              0x08002ab1   Thumb Code    58  list.o(.text.vListInsert)
    vListInsertEnd                           0x08002aed   Thumb Code    28  list.o(.text.vListInsertEnd)
    vPortEnterCritical                       0x08002b09   Thumb Code    70  port.o(.text.vPortEnterCritical)
    vPortExitCritical                        0x08002b51   Thumb Code    46  port.o(.text.vPortExitCritical)
    vPortFree                                0x08002b81   Thumb Code   124  heap_4.o(.text.vPortFree)
    vPortSetupTimerInterrupt                 0x08002bfd   Thumb Code    52  port.o(.text.vPortSetupTimerInterrupt)
    vTaskDelay                               0x08002c31   Thumb Code    84  tasks.o(.text.vTaskDelay)
    vTaskStartScheduler                      0x08002c85   Thumb Code   120  tasks.o(.text.vTaskStartScheduler)
    vTaskSuspendAll                          0x08002d05   Thumb Code    16  tasks.o(.text.vTaskSuspendAll)
    vTaskSwitchContext                       0x08002d15   Thumb Code   134  tasks.o(.text.vTaskSwitchContext)
    xPortStartScheduler                      0x08002d9d   Thumb Code   186  port.o(.text.xPortStartScheduler)
    xTaskCreate                              0x08002e59   Thumb Code   102  tasks.o(.text.xTaskCreate)
    xTaskCreateStatic                        0x08002ec1   Thumb Code   114  tasks.o(.text.xTaskCreateStatic)
    xTaskIncrementTick                       0x08002f35   Thumb Code   356  tasks.o(.text.xTaskIncrementTick)
    xTaskResumeAll                           0x08003099   Thumb Code   280  tasks.o(.text.xTaskResumeAll)
    AHBPrescTable                            0x080031cc   Data          16  system_stm32f1xx.o(.rodata.AHBPrescTable)
    APBPrescTable                            0x080031dc   Data           8  system_stm32f1xx.o(.rodata.APBPrescTable)
    Region$$Table$$Base                      0x080031f0   Number         0  anon$$obj.o(Region$$Table)
    Region$$Table$$Limit                     0x08003210   Number         0  anon$$obj.o(Region$$Table)
    SystemCoreClock                          0x20000000   Data           4  system_stm32f1xx.o(.data.SystemCoreClock)
    uwTickFreq                               0x20000004   Data           1  stm32f1xx_hal.o(.data.uwTickFreq)
    uwTickPrio                               0x20000008   Data           4  stm32f1xx_hal.o(.data.uwTickPrio)
    __libspace_start                         0x20000010   Data          96  libspace.o(.bss)
    __temporary_stack_top$libspace           0x20000070   Data           0  libspace.o(.bss)
    defaultTaskHandle                        0x200002c4   Data           4  freertos.o(.bss.defaultTaskHandle)
    hcan                                     0x200002c8   Data          40  can.o(.bss.hcan)
    hdma_usart2_rx                           0x200002f0   Data          68  usart.o(.bss.hdma_usart2_rx)
    hdma_usart3_rx                           0x20000334   Data          68  usart.o(.bss.hdma_usart3_rx)
    hspi1                                    0x20000378   Data          88  spi.o(.bss.hspi1)
    htim1                                    0x200003d0   Data          72  tim.o(.bss.htim1)
    htim4                                    0x20000418   Data          72  stm32f1xx_hal_timebase_tim.o(.bss.htim4)
    huart1                                   0x20000460   Data          72  usart.o(.bss.huart1)
    huart2                                   0x200004a8   Data          72  usart.o(.bss.huart2)
    huart3                                   0x200004f0   Data          72  usart.o(.bss.huart3)
    pxCurrentTCB                             0x20000538   Data           4  tasks.o(.bss.pxCurrentTCB)
    uwTick                                   0x200011dc   Data           4  stm32f1xx_hal.o(.bss.uwTick)



==============================================================================

Memory Map of the image

  Image Entry point : 0x080000ed

  Load Region LR_IROM1 (Base: 0x08000000, Size: 0x00003220, Max: 0x00010000, ABSOLUTE)

    Execution Region ER_IROM1 (Exec base: 0x08000000, Load base: 0x08000000, Size: 0x00003210, Max: 0x00010000, ABSOLUTE)

    Exec Addr    Load Addr    Size         Type   Attr      Idx    E Section Name        Object

    0x08000000   0x08000000   0x000000ec   Data   RO            3    RESET               startup_stm32f103xb.o
    0x080000ec   0x080000ec   0x00000008   Code   RO         1972  * !!!main             c_w.l(__main.o)
    0x080000f4   0x080000f4   0x00000034   Code   RO         2316    !!!scatter          c_w.l(__scatter.o)
    0x08000128   0x08000128   0x0000001a   Code   RO         2318    !!handler_copy      c_w.l(__scatter_copy.o)
    0x08000142   0x08000142   0x00000002   PAD
    0x08000144   0x08000144   0x0000001c   Code   RO         2320    !!handler_zi        c_w.l(__scatter_zi.o)
    0x08000160   0x08000160   0x00000002   Code   RO         2177    .ARM.Collect$$libinit$$00000000  c_w.l(libinit.o)
    0x08000162   0x08000162   0x00000000   Code   RO         2185    .ARM.Collect$$libinit$$00000002  c_w.l(libinit2.o)
    0x08000162   0x08000162   0x00000000   Code   RO         2187    .ARM.Collect$$libinit$$00000004  c_w.l(libinit2.o)
    0x08000162   0x08000162   0x00000000   Code   RO         2190    .ARM.Collect$$libinit$$0000000A  c_w.l(libinit2.o)
    0x08000162   0x08000162   0x00000000   Code   RO         2192    .ARM.Collect$$libinit$$0000000C  c_w.l(libinit2.o)
    0x08000162   0x08000162   0x00000000   Code   RO         2194    .ARM.Collect$$libinit$$0000000E  c_w.l(libinit2.o)
    0x08000162   0x08000162   0x00000000   Code   RO         2197    .ARM.Collect$$libinit$$00000011  c_w.l(libinit2.o)
    0x08000162   0x08000162   0x00000000   Code   RO         2199    .ARM.Collect$$libinit$$00000013  c_w.l(libinit2.o)
    0x08000162   0x08000162   0x00000000   Code   RO         2201    .ARM.Collect$$libinit$$00000015  c_w.l(libinit2.o)
    0x08000162   0x08000162   0x00000000   Code   RO         2203    .ARM.Collect$$libinit$$00000017  c_w.l(libinit2.o)
    0x08000162   0x08000162   0x00000000   Code   RO         2205    .ARM.Collect$$libinit$$00000019  c_w.l(libinit2.o)
    0x08000162   0x08000162   0x00000000   Code   RO         2207    .ARM.Collect$$libinit$$0000001B  c_w.l(libinit2.o)
    0x08000162   0x08000162   0x00000000   Code   RO         2209    .ARM.Collect$$libinit$$0000001D  c_w.l(libinit2.o)
    0x08000162   0x08000162   0x00000000   Code   RO         2211    .ARM.Collect$$libinit$$0000001F  c_w.l(libinit2.o)
    0x08000162   0x08000162   0x00000000   Code   RO         2213    .ARM.Collect$$libinit$$00000021  c_w.l(libinit2.o)
    0x08000162   0x08000162   0x00000000   Code   RO         2215    .ARM.Collect$$libinit$$00000023  c_w.l(libinit2.o)
    0x08000162   0x08000162   0x00000000   Code   RO         2217    .ARM.Collect$$libinit$$00000025  c_w.l(libinit2.o)
    0x08000162   0x08000162   0x00000000   Code   RO         2221    .ARM.Collect$$libinit$$0000002C  c_w.l(libinit2.o)
    0x08000162   0x08000162   0x00000000   Code   RO         2223    .ARM.Collect$$libinit$$0000002E  c_w.l(libinit2.o)
    0x08000162   0x08000162   0x00000000   Code   RO         2225    .ARM.Collect$$libinit$$00000030  c_w.l(libinit2.o)
    0x08000162   0x08000162   0x00000000   Code   RO         2227    .ARM.Collect$$libinit$$00000032  c_w.l(libinit2.o)
    0x08000162   0x08000162   0x00000002   Code   RO         2228    .ARM.Collect$$libinit$$00000033  c_w.l(libinit2.o)
    0x08000164   0x08000164   0x00000002   Code   RO         2252    .ARM.Collect$$libshutdown$$00000000  c_w.l(libshutdown.o)
    0x08000166   0x08000166   0x00000000   Code   RO         2267    .ARM.Collect$$libshutdown$$00000002  c_w.l(libshutdown2.o)
    0x08000166   0x08000166   0x00000000   Code   RO         2269    .ARM.Collect$$libshutdown$$00000004  c_w.l(libshutdown2.o)
    0x08000166   0x08000166   0x00000000   Code   RO         2272    .ARM.Collect$$libshutdown$$00000007  c_w.l(libshutdown2.o)
    0x08000166   0x08000166   0x00000000   Code   RO         2275    .ARM.Collect$$libshutdown$$0000000A  c_w.l(libshutdown2.o)
    0x08000166   0x08000166   0x00000000   Code   RO         2277    .ARM.Collect$$libshutdown$$0000000C  c_w.l(libshutdown2.o)
    0x08000166   0x08000166   0x00000000   Code   RO         2280    .ARM.Collect$$libshutdown$$0000000F  c_w.l(libshutdown2.o)
    0x08000166   0x08000166   0x00000002   Code   RO         2281    .ARM.Collect$$libshutdown$$00000010  c_w.l(libshutdown2.o)
    0x08000168   0x08000168   0x00000000   Code   RO         2051    .ARM.Collect$$rtentry$$00000000  c_w.l(__rtentry.o)
    0x08000168   0x08000168   0x00000000   Code   RO         2134    .ARM.Collect$$rtentry$$00000002  c_w.l(__rtentry2.o)
    0x08000168   0x08000168   0x00000006   Code   RO         2146    .ARM.Collect$$rtentry$$00000004  c_w.l(__rtentry4.o)
    0x0800016e   0x0800016e   0x00000000   Code   RO         2136    .ARM.Collect$$rtentry$$00000009  c_w.l(__rtentry2.o)
    0x0800016e   0x0800016e   0x00000004   Code   RO         2137    .ARM.Collect$$rtentry$$0000000A  c_w.l(__rtentry2.o)
    0x08000172   0x08000172   0x00000000   Code   RO         2139    .ARM.Collect$$rtentry$$0000000C  c_w.l(__rtentry2.o)
    0x08000172   0x08000172   0x00000008   Code   RO         2140    .ARM.Collect$$rtentry$$0000000D  c_w.l(__rtentry2.o)
    0x0800017a   0x0800017a   0x00000002   Code   RO         2182    .ARM.Collect$$rtexit$$00000000  c_w.l(rtexit.o)
    0x0800017c   0x0800017c   0x00000000   Code   RO         2232    .ARM.Collect$$rtexit$$00000002  c_w.l(rtexit2.o)
    0x0800017c   0x0800017c   0x00000004   Code   RO         2233    .ARM.Collect$$rtexit$$00000003  c_w.l(rtexit2.o)
    0x08000180   0x08000180   0x00000006   Code   RO         2234    .ARM.Collect$$rtexit$$00000004  c_w.l(rtexit2.o)
    0x08000186   0x08000186   0x00000002   PAD
    0x08000188   0x08000188   0x00000040   Code   RO            4    .text               startup_stm32f103xb.o
    0x080001c8   0x080001c8   0x0000004e   Code   RO         1966    .text               c_w.l(rt_memclr_w.o)
    0x08000216   0x08000216   0x00000006   Code   RO         1970    .text               c_w.l(heapauxi.o)
    0x0800021c   0x0800021c   0x00000008   Code   RO         2165    .text               c_w.l(libspace.o)
    0x08000224   0x08000224   0x0000004a   Code   RO         2168    .text               c_w.l(sys_stackheap_outer.o)
    0x0800026e   0x0800026e   0x00000012   Code   RO         2170    .text               c_w.l(exit.o)
    0x08000280   0x08000280   0x0000000c   Code   RO         2242    .text               c_w.l(sys_exit.o)
    0x0800028c   0x0800028c   0x00000002   Code   RO         2257    .text               c_w.l(use_no_semi.o)
    0x0800028e   0x0800028e   0x00000000   Code   RO         2259    .text               c_w.l(indicate_semi.o)
    0x0800028e   0x0800028e   0x00000002   PAD
    0x08000290   0x08000290   0x00000002   Code   RO          138    .text.BusFault_Handler  stm32f1xx_it.o
    0x08000292   0x08000292   0x00000002   PAD
    0x08000294   0x08000294   0x00000010   Code   RO          144    .text.DMA1_Channel3_IRQHandler  stm32f1xx_it.o
    0x080002a4   0x080002a4   0x00000010   Code   RO          146    .text.DMA1_Channel6_IRQHandler  stm32f1xx_it.o
    0x080002b4   0x080002b4   0x00000002   Code   RO          142    .text.DebugMon_Handler  stm32f1xx_it.o
    0x080002b6   0x080002b6   0x00000002   PAD
    0x080002b8   0x080002b8   0x0000000a   Code   RO           15    .text.Error_Handler  main.o
    0x080002c2   0x080002c2   0x00000002   PAD
    0x080002c4   0x080002c4   0x00000002   Code   RO          264    .text.HAL_CAN_ErrorCallback  stm32f1xx_hal_can.o
    0x080002c6   0x080002c6   0x00000002   PAD
    0x080002c8   0x080002c8   0x0000023a   Code   RO          238    .text.HAL_CAN_IRQHandler  stm32f1xx_hal_can.o
    0x08000502   0x08000502   0x00000002   PAD
    0x08000504   0x08000504   0x000000f4   Code   RO          200    .text.HAL_CAN_Init  stm32f1xx_hal_can.o
    0x080005f8   0x080005f8   0x0000008e   Code   RO           57    .text.HAL_CAN_MspInit  can.o
    0x08000686   0x08000686   0x00000002   PAD
    0x08000688   0x08000688   0x00000002   Code   RO          252    .text.HAL_CAN_RxFifo0FullCallback  stm32f1xx_hal_can.o
    0x0800068a   0x0800068a   0x00000002   PAD
    0x0800068c   0x0800068c   0x00000002   Code   RO          254    .text.HAL_CAN_RxFifo0MsgPendingCallback  stm32f1xx_hal_can.o
    0x0800068e   0x0800068e   0x00000002   PAD
    0x08000690   0x08000690   0x00000002   Code   RO          256    .text.HAL_CAN_RxFifo1FullCallback  stm32f1xx_hal_can.o
    0x08000692   0x08000692   0x00000002   PAD
    0x08000694   0x08000694   0x00000002   Code   RO          258    .text.HAL_CAN_RxFifo1MsgPendingCallback  stm32f1xx_hal_can.o
    0x08000696   0x08000696   0x00000002   PAD
    0x08000698   0x08000698   0x00000002   Code   RO          260    .text.HAL_CAN_SleepCallback  stm32f1xx_hal_can.o
    0x0800069a   0x0800069a   0x00000002   PAD
    0x0800069c   0x0800069c   0x00000002   Code   RO          242    .text.HAL_CAN_TxMailbox0AbortCallback  stm32f1xx_hal_can.o
    0x0800069e   0x0800069e   0x00000002   PAD
    0x080006a0   0x080006a0   0x00000002   Code   RO          240    .text.HAL_CAN_TxMailbox0CompleteCallback  stm32f1xx_hal_can.o
    0x080006a2   0x080006a2   0x00000002   PAD
    0x080006a4   0x080006a4   0x00000002   Code   RO          246    .text.HAL_CAN_TxMailbox1AbortCallback  stm32f1xx_hal_can.o
    0x080006a6   0x080006a6   0x00000002   PAD
    0x080006a8   0x080006a8   0x00000002   Code   RO          244    .text.HAL_CAN_TxMailbox1CompleteCallback  stm32f1xx_hal_can.o
    0x080006aa   0x080006aa   0x00000002   PAD
    0x080006ac   0x080006ac   0x00000002   Code   RO          250    .text.HAL_CAN_TxMailbox2AbortCallback  stm32f1xx_hal_can.o
    0x080006ae   0x080006ae   0x00000002   PAD
    0x080006b0   0x080006b0   0x00000002   Code   RO          248    .text.HAL_CAN_TxMailbox2CompleteCallback  stm32f1xx_hal_can.o
    0x080006b2   0x080006b2   0x00000002   PAD
    0x080006b4   0x080006b4   0x00000002   Code   RO          262    .text.HAL_CAN_WakeUpFromRxMsgCallback  stm32f1xx_hal_can.o
    0x080006b6   0x080006b6   0x00000002   PAD
    0x080006b8   0x080006b8   0x00000040   Code   RO          427    .text.HAL_DMA_Abort  stm32f1xx_hal_dma.o
    0x080006f8   0x080006f8   0x000000ae   Code   RO          429    .text.HAL_DMA_Abort_IT  stm32f1xx_hal_dma.o
    0x080007a6   0x080007a6   0x00000002   PAD
    0x080007a8   0x080007a8   0x0000017e   Code   RO          433    .text.HAL_DMA_IRQHandler  stm32f1xx_hal_dma.o
    0x08000926   0x08000926   0x00000002   PAD
    0x08000928   0x08000928   0x00000088   Code   RO          417    .text.HAL_DMA_Init  stm32f1xx_hal_dma.o
    0x080009b0   0x080009b0   0x000001fa   Code   RO          393    .text.HAL_GPIO_Init  stm32f1xx_hal_gpio.o
    0x08000baa   0x08000baa   0x00000002   PAD
    0x08000bac   0x08000bac   0x0000000c   Code   RO          292    .text.HAL_GetTick   stm32f1xx_hal.o
    0x08000bb8   0x08000bb8   0x0000001a   Code   RO          290    .text.HAL_IncTick   stm32f1xx_hal.o
    0x08000bd2   0x08000bd2   0x00000002   PAD
    0x08000bd4   0x08000bd4   0x00000026   Code   RO          280    .text.HAL_Init      stm32f1xx_hal.o
    0x08000bfa   0x08000bfa   0x00000002   PAD
    0x08000bfc   0x08000bfc   0x000000ac   Code   RO          171    .text.HAL_InitTick  stm32f1xx_hal_timebase_tim.o
    0x08000ca8   0x08000ca8   0x00000050   Code   RO          161    .text.HAL_MspInit   stm32f1xx_hal_msp.o
    0x08000cf8   0x08000cf8   0x00000008   Code   RO          463    .text.HAL_NVIC_EnableIRQ  stm32f1xx_hal_cortex.o
    0x08000d00   0x08000d00   0x0000001e   Code   RO          455    .text.HAL_NVIC_SetPriority  stm32f1xx_hal_cortex.o
    0x08000d1e   0x08000d1e   0x00000002   PAD
    0x08000d20   0x08000d20   0x00000008   Code   RO          451    .text.HAL_NVIC_SetPriorityGrouping  stm32f1xx_hal_cortex.o
    0x08000d28   0x08000d28   0x00000174   Code   RO          347    .text.HAL_RCC_ClockConfig  stm32f1xx_hal_rcc.o
    0x08000e9c   0x08000e9c   0x00000042   Code   RO          365    .text.HAL_RCC_GetClockConfig  stm32f1xx_hal_rcc.o
    0x08000ede   0x08000ede   0x00000002   PAD
    0x08000ee0   0x08000ee0   0x0000000c   Code   RO          357    .text.HAL_RCC_GetHCLKFreq  stm32f1xx_hal_rcc.o
    0x08000eec   0x08000eec   0x00000022   Code   RO          359    .text.HAL_RCC_GetPCLK1Freq  stm32f1xx_hal_rcc.o
    0x08000f0e   0x08000f0e   0x00000002   PAD
    0x08000f10   0x08000f10   0x00000022   Code   RO          361    .text.HAL_RCC_GetPCLK2Freq  stm32f1xx_hal_rcc.o
    0x08000f32   0x08000f32   0x00000002   PAD
    0x08000f34   0x08000f34   0x00000060   Code   RO          349    .text.HAL_RCC_GetSysClockFreq  stm32f1xx_hal_rcc.o
    0x08000f94   0x08000f94   0x0000030c   Code   RO          343    .text.HAL_RCC_OscConfig  stm32f1xx_hal_rcc.o
    0x080012a0   0x080012a0   0x000000ac   Code   RO          664    .text.HAL_SPI_Init  stm32f1xx_hal_spi.o
    0x0800134c   0x0800134c   0x0000007a   Code   RO           81    .text.HAL_SPI_MspInit  spi.o
    0x080013c6   0x080013c6   0x00000002   PAD
    0x080013c8   0x080013c8   0x00000002   Code   RO         1106    .text.HAL_TIMEx_BreakCallback  stm32f1xx_hal_tim_ex.o
    0x080013ca   0x080013ca   0x00000002   PAD
    0x080013cc   0x080013cc   0x00000002   Code   RO         1102    .text.HAL_TIMEx_CommutCallback  stm32f1xx_hal_tim_ex.o
    0x080013ce   0x080013ce   0x00000002   PAD
    0x080013d0   0x080013d0   0x00000076   Code   RO         1096    .text.HAL_TIMEx_MasterConfigSynchronization  stm32f1xx_hal_tim_ex.o
    0x08001446   0x08001446   0x00000002   PAD
    0x08001448   0x08001448   0x0000005a   Code   RO          782    .text.HAL_TIM_Base_Init  stm32f1xx_hal_tim.o
    0x080014a2   0x080014a2   0x00000002   PAD
    0x080014a4   0x080014a4   0x00000032   Code   RO           96    .text.HAL_TIM_Base_MspInit  tim.o
    0x080014d6   0x080014d6   0x00000002   PAD
    0x080014d8   0x080014d8   0x00000066   Code   RO          796    .text.HAL_TIM_Base_Start_IT  stm32f1xx_hal_tim.o
    0x0800153e   0x0800153e   0x00000002   PAD
    0x08001540   0x08001540   0x000000de   Code   RO          974    .text.HAL_TIM_ConfigClockSource  stm32f1xx_hal_tim.o
    0x0800161e   0x0800161e   0x00000002   PAD
    0x08001620   0x08001620   0x00000002   Code   RO          918    .text.HAL_TIM_IC_CaptureCallback  stm32f1xx_hal_tim.o
    0x08001622   0x08001622   0x00000002   PAD
    0x08001624   0x08001624   0x0000016a   Code   RO          916    .text.HAL_TIM_IRQHandler  stm32f1xx_hal_tim.o
    0x0800178e   0x0800178e   0x00000002   PAD
    0x08001790   0x08001790   0x00000002   Code   RO          920    .text.HAL_TIM_OC_DelayElapsedCallback  stm32f1xx_hal_tim.o
    0x08001792   0x08001792   0x00000002   PAD
    0x08001794   0x08001794   0x00000002   Code   RO          922    .text.HAL_TIM_PWM_PulseFinishedCallback  stm32f1xx_hal_tim.o
    0x08001796   0x08001796   0x00000002   PAD
    0x08001798   0x08001798   0x00000016   Code   RO           17    .text.HAL_TIM_PeriodElapsedCallback  main.o
    0x080017ae   0x080017ae   0x00000002   PAD
    0x080017b0   0x080017b0   0x00000002   Code   RO          926    .text.HAL_TIM_TriggerCallback  stm32f1xx_hal_tim.o
    0x080017b2   0x080017b2   0x00000002   PAD
    0x080017b4   0x080017b4   0x00000002   Code   RO         1212    .text.HAL_UARTEx_RxEventCallback  stm32f1xx_hal_uart.o
    0x080017b6   0x080017b6   0x00000002   PAD
    0x080017b8   0x080017b8   0x00000002   Code   RO         1210    .text.HAL_UART_ErrorCallback  stm32f1xx_hal_uart.o
    0x080017ba   0x080017ba   0x00000002   PAD
    0x080017bc   0x080017bc   0x00000242   Code   RO         1204    .text.HAL_UART_IRQHandler  stm32f1xx_hal_uart.o
    0x080019fe   0x080019fe   0x00000002   PAD
    0x08001a00   0x08001a00   0x00000060   Code   RO         1120    .text.HAL_UART_Init  stm32f1xx_hal_uart.o
    0x08001a60   0x08001a60   0x000001da   Code   RO          115    .text.HAL_UART_MspInit  usart.o
    0x08001c3a   0x08001c3a   0x00000002   PAD
    0x08001c3c   0x08001c3c   0x00000002   Code   RO         1222    .text.HAL_UART_RxCpltCallback  stm32f1xx_hal_uart.o
    0x08001c3e   0x08001c3e   0x00000002   PAD
    0x08001c40   0x08001c40   0x00000002   Code   RO         1218    .text.HAL_UART_TxCpltCallback  stm32f1xx_hal_uart.o
    0x08001c42   0x08001c42   0x00000002   PAD
    0x08001c44   0x08001c44   0x00000002   Code   RO          134    .text.HardFault_Handler  stm32f1xx_it.o
    0x08001c46   0x08001c46   0x00000002   PAD
    0x08001c48   0x08001c48   0x00000032   Code   RO           55    .text.MX_CAN_Init   can.o
    0x08001c7a   0x08001c7a   0x00000002   PAD
    0x08001c7c   0x08001c7c   0x00000042   Code   RO           70    .text.MX_DMA_Init   dma.o
    0x08001cbe   0x08001cbe   0x00000002   PAD
    0x08001cc0   0x08001cc0   0x0000003c   Code   RO           38    .text.MX_FREERTOS_Init  freertos.o
    0x08001cfc   0x08001cfc   0x00000044   Code   RO           28    .text.MX_GPIO_Init  gpio.o
    0x08001d40   0x08001d40   0x00000048   Code   RO           79    .text.MX_SPI1_Init  spi.o
    0x08001d88   0x08001d88   0x0000007c   Code   RO           94    .text.MX_TIM1_Init  tim.o
    0x08001e04   0x08001e04   0x00000038   Code   RO          109    .text.MX_USART1_UART_Init  usart.o
    0x08001e3c   0x08001e3c   0x00000038   Code   RO          111    .text.MX_USART2_UART_Init  usart.o
    0x08001e74   0x08001e74   0x00000042   Code   RO          113    .text.MX_USART3_UART_Init  usart.o
    0x08001eb6   0x08001eb6   0x00000002   PAD
    0x08001eb8   0x08001eb8   0x00000002   Code   RO          136    .text.MemManage_Handler  stm32f1xx_it.o
    0x08001eba   0x08001eba   0x00000002   PAD
    0x08001ebc   0x08001ebc   0x00000002   Code   RO          132    .text.NMI_Handler   stm32f1xx_it.o
    0x08001ebe   0x08001ebe   0x00000002   PAD
    0x08001ec0   0x08001ec0   0x0000002c   Code   RO          461    .text.NVIC_EncodePriority  stm32f1xx_hal_cortex.o
    0x08001eec   0x08001eec   0x00000004   PAD
    0x08001ef0   0x08001ef0   0x00000044   Code   RO         1733    .text.PendSV_Handler  port.o
    0x08001f34   0x08001f34   0x0000002c   Code   RO          345    .text.RCC_Delay     stm32f1xx_hal_rcc.o
    0x08001f60   0x08001f60   0x00000024   Code   RO         1719    .text.SVC_Handler   port.o
    0x08001f84   0x08001f84   0x00000008   Code   RO           40    .text.StartDefaultTask  freertos.o
    0x08001f8c   0x08001f8c   0x0000002e   Code   RO         1735    .text.SysTick_Handler  port.o
    0x08001fba   0x08001fba   0x00000002   PAD
    0x08001fbc   0x08001fbc   0x00000060   Code   RO           13    .text.SystemClock_Config  main.o
    0x0800201c   0x0800201c   0x00000002   Code   RO         1252    .text.SystemInit    system_stm32f1xx.o
    0x0800201e   0x0800201e   0x00000002   PAD
    0x08002020   0x08002020   0x00000010   Code   RO          150    .text.TIM4_IRQHandler  stm32f1xx_it.o
    0x08002030   0x08002030   0x0000008a   Code   RO          786    .text.TIM_Base_SetConfig  stm32f1xx_hal_tim.o
    0x080020ba   0x080020ba   0x00000002   PAD
    0x080020bc   0x080020bc   0x00000016   Code   RO          972    .text.TIM_ETR_SetConfig  stm32f1xx_hal_tim.o
    0x080020d2   0x080020d2   0x00000002   PAD
    0x080020d4   0x080020d4   0x00000010   Code   RO          978    .text.TIM_ITRx_SetConfig  stm32f1xx_hal_tim.o
    0x080020e4   0x080020e4   0x00000022   Code   RO          976    .text.TIM_TI1_ConfigInputStage  stm32f1xx_hal_tim.o
    0x08002106   0x08002106   0x00000002   PAD
    0x08002108   0x08002108   0x00000024   Code   RO          980    .text.TIM_TI2_ConfigInputStage  stm32f1xx_hal_tim.o
    0x0800212c   0x0800212c   0x00000010   Code   RO         1208    .text.UART_DMAAbortOnError  stm32f1xx_hal_uart.o
    0x0800213c   0x0800213c   0x00000050   Code   RO         1168    .text.UART_EndRxTransfer  stm32f1xx_hal_uart.o
    0x0800218c   0x0800218c   0x00000018   Code   RO         1216    .text.UART_EndTransmit_IT  stm32f1xx_hal_uart.o
    0x080021a4   0x080021a4   0x000000c8   Code   RO         1206    .text.UART_Receive_IT  stm32f1xx_hal_uart.o
    0x0800226c   0x0800226c   0x0000008e   Code   RO         1124    .text.UART_SetConfig  stm32f1xx_hal_uart.o
    0x080022fa   0x080022fa   0x00000002   PAD
    0x080022fc   0x080022fc   0x00000052   Code   RO         1214    .text.UART_Transmit_IT  stm32f1xx_hal_uart.o
    0x0800234e   0x0800234e   0x00000002   PAD
    0x08002350   0x08002350   0x00000010   Code   RO          152    .text.USART3_IRQHandler  stm32f1xx_it.o
    0x08002360   0x08002360   0x00000010   Code   RO          148    .text.USB_LP_CAN1_RX0_IRQHandler  stm32f1xx_it.o
    0x08002370   0x08002370   0x00000002   Code   RO          140    .text.UsageFault_Handler  stm32f1xx_it.o
    0x08002372   0x08002372   0x00000002   PAD
    0x08002374   0x08002374   0x00000020   Code   RO          465    .text.__NVIC_EnableIRQ  stm32f1xx_hal_cortex.o
    0x08002394   0x08002394   0x00000010   Code   RO          457    .text.__NVIC_GetPriorityGrouping  stm32f1xx_hal_cortex.o
    0x080023a4   0x080023a4   0x00000022   Code   RO          459    .text.__NVIC_SetPriority  stm32f1xx_hal_cortex.o
    0x080023c6   0x080023c6   0x00000002   PAD
    0x080023c8   0x080023c8   0x00000020   Code   RO          453    .text.__NVIC_SetPriorityGrouping  stm32f1xx_hal_cortex.o
    0x080023e8   0x080023e8   0x00000032   Code   RO           11    .text.main          main.o
    0x0800241a   0x0800241a   0x00000002   PAD
    0x0800241c   0x0800241c   0x0000000c   Code   RO         1577    .text.makeFreeRtosPriority  cmsis_os.o
    0x08002428   0x08002428   0x00000010   Code   RO         1591    .text.osDelay       cmsis_os.o
    0x08002438   0x08002438   0x0000000a   Code   RO         1567    .text.osKernelStart  cmsis_os.o
    0x08002442   0x08002442   0x00000002   PAD
    0x08002444   0x08002444   0x0000006e   Code   RO         1575    .text.osThreadCreate  cmsis_os.o
    0x080024b2   0x080024b2   0x00000002   PAD
    0x080024b4   0x080024b4   0x000000a2   Code   RO         1453    .text.prvAddCurrentTaskToDelayedList  tasks.o
    0x08002556   0x08002556   0x00000002   PAD
    0x08002558   0x08002558   0x000000ac   Code   RO         1439    .text.prvAddNewTaskToReadyList  tasks.o
    0x08002604   0x08002604   0x0000004e   Code   RO         1535    .text.prvCheckTasksWaitingTermination  tasks.o
    0x08002652   0x08002652   0x00000002   PAD
    0x08002654   0x08002654   0x00000036   Code   RO         1445    .text.prvDeleteTCB  tasks.o
    0x0800268a   0x0800268a   0x00000002   PAD
    0x0800268c   0x0800268c   0x00000076   Code   RO         1689    .text.prvHeapInit   heap_4.o
    0x08002702   0x08002702   0x00000002   PAD
    0x08002704   0x08002704   0x0000002a   Code   RO         1477    .text.prvIdleTask   tasks.o
    0x0800272e   0x0800272e   0x00000002   PAD
    0x08002730   0x08002730   0x0000007a   Code   RO         1437    .text.prvInitialiseNewTask  tasks.o
    0x080027aa   0x080027aa   0x00000002   PAD
    0x080027ac   0x080027ac   0x0000006e   Code   RO         1533    .text.prvInitialiseTaskLists  tasks.o
    0x0800281a   0x0800281a   0x00000002   PAD
    0x0800281c   0x0800281c   0x0000005a   Code   RO         1691    .text.prvInsertBlockIntoFreeList  heap_4.o
    0x08002876   0x08002876   0x00000002   PAD
    0x08002878   0x08002878   0x00000020   Code   RO         1725    .text.prvPortStartFirstTask  port.o
    0x08002898   0x08002898   0x00000028   Code   RO         1447    .text.prvResetNextTaskUnblockTime  tasks.o
    0x080028c0   0x080028c0   0x00000032   Code   RO         1717    .text.prvTaskExitError  port.o
    0x080028f2   0x080028f2   0x00000002   PAD
    0x080028f4   0x080028f4   0x0000013c   Code   RO         1687    .text.pvPortMalloc  heap_4.o
    0x08002a30   0x08002a30   0x00000020   Code   RO         1715    .text.pxPortInitialiseStack  port.o
    0x08002a50   0x08002a50   0x00000024   Code   RO         1306    .text.uxListRemove  list.o
    0x08002a74   0x08002a74   0x0000001a   Code   RO           36    .text.vApplicationGetIdleTaskMemory  freertos.o
    0x08002a8e   0x08002a8e   0x00000002   PAD
    0x08002a90   0x08002a90   0x00000016   Code   RO         1298    .text.vListInitialise  list.o
    0x08002aa6   0x08002aa6   0x00000002   PAD
    0x08002aa8   0x08002aa8   0x00000006   Code   RO         1300    .text.vListInitialiseItem  list.o
    0x08002aae   0x08002aae   0x00000002   PAD
    0x08002ab0   0x08002ab0   0x0000003a   Code   RO         1304    .text.vListInsert   list.o
    0x08002aea   0x08002aea   0x00000002   PAD
    0x08002aec   0x08002aec   0x0000001c   Code   RO         1302    .text.vListInsertEnd  list.o
    0x08002b08   0x08002b08   0x00000046   Code   RO         1729    .text.vPortEnterCritical  port.o
    0x08002b4e   0x08002b4e   0x00000002   PAD
    0x08002b50   0x08002b50   0x0000002e   Code   RO         1731    .text.vPortExitCritical  port.o
    0x08002b7e   0x08002b7e   0x00000002   PAD
    0x08002b80   0x08002b80   0x0000007c   Code   RO         1693    .text.vPortFree     heap_4.o
    0x08002bfc   0x08002bfc   0x00000034   Code   RO         1723    .text.vPortSetupTimerInterrupt  port.o
    0x08002c30   0x08002c30   0x00000054   Code   RO         1457    .text.vTaskDelay    tasks.o
    0x08002c84   0x08002c84   0x00000080   Code   RO         1475    .text.vTaskStartScheduler  tasks.o
    0x08002d04   0x08002d04   0x00000010   Code   RO         1451    .text.vTaskSuspendAll  tasks.o
    0x08002d14   0x08002d14   0x00000086   Code   RO         1467    .text.vTaskSwitchContext  tasks.o
    0x08002d9a   0x08002d9a   0x00000002   PAD
    0x08002d9c   0x08002d9c   0x000000ba   Code   RO         1721    .text.xPortStartScheduler  port.o
    0x08002e56   0x08002e56   0x00000002   PAD
    0x08002e58   0x08002e58   0x00000066   Code   RO         1441    .text.xTaskCreate   tasks.o
    0x08002ebe   0x08002ebe   0x00000002   PAD
    0x08002ec0   0x08002ec0   0x00000072   Code   RO         1435    .text.xTaskCreateStatic  tasks.o
    0x08002f32   0x08002f32   0x00000002   PAD
    0x08002f34   0x08002f34   0x00000164   Code   RO         1481    .text.xTaskIncrementTick  tasks.o
    0x08003098   0x08003098   0x00000118   Code   RO         1455    .text.xTaskResumeAll  tasks.o
    0x080031b0   0x080031b0   0x0000001c   Data   RO           46    .rodata..L__const.MX_FREERTOS_Init.os_thread_def_defaultTask  freertos.o
    0x080031cc   0x080031cc   0x00000010   Data   RO         1257    .rodata.AHBPrescTable  system_stm32f1xx.o
    0x080031dc   0x080031dc   0x00000008   Data   RO         1258    .rodata.APBPrescTable  system_stm32f1xx.o
    0x080031e4   0x080031e4   0x0000000c   Data   RO           45    .rodata.str1.1      freertos.o
    0x080031f0   0x080031f0   0x00000020   Data   RO         2315    Region$$Table       anon$$obj.o


    Execution Region RW_IRAM1 (Exec base: 0x20000000, Load base: 0x08003210, Size: 0x00001888, Max: 0x00005000, ABSOLUTE)

    Exec Addr    Load Addr    Size         Type   Attr      Idx    E Section Name        Object

    0x20000000   0x08003210   0x00000004   Data   RW         1256    .data.SystemCoreClock  system_stm32f1xx.o
    0x20000004   0x08003214   0x00000001   Data   RW          331    .data.uwTickFreq    stm32f1xx_hal.o
    0x20000005   0x08003215   0x00000003   PAD
    0x20000008   0x08003218   0x00000004   Data   RW          330    .data.uwTickPrio    stm32f1xx_hal.o
    0x2000000c   0x0800321c   0x00000004   Data   RW         1741    .data.uxCriticalNesting  port.o
    0x20000010        -       0x00000060   Zero   RW         2166    .bss                c_w.l(libspace.o)
    0x20000070        -       0x00000200   Zero   RW           44    .bss._ZL10xIdleStack  freertos.o
    0x20000270        -       0x00000054   Zero   RW           43    .bss._ZL18xIdleTaskTCBBuffer  freertos.o
    0x200002c4        -       0x00000004   Zero   RW           42    .bss.defaultTaskHandle  freertos.o
    0x200002c8        -       0x00000028   Zero   RW           61    .bss.hcan           can.o
    0x200002f0        -       0x00000044   Zero   RW          122    .bss.hdma_usart2_rx  usart.o
    0x20000334        -       0x00000044   Zero   RW          123    .bss.hdma_usart3_rx  usart.o
    0x20000378        -       0x00000058   Zero   RW           85    .bss.hspi1          spi.o
    0x200003d0        -       0x00000048   Zero   RW          100    .bss.htim1          tim.o
    0x20000418        -       0x00000048   Zero   RW          177    .bss.htim4          stm32f1xx_hal_timebase_tim.o
    0x20000460        -       0x00000048   Zero   RW          119    .bss.huart1         usart.o
    0x200004a8        -       0x00000048   Zero   RW          120    .bss.huart2         usart.o
    0x200004f0        -       0x00000048   Zero   RW          121    .bss.huart3         usart.o
    0x20000538        -       0x00000004   Zero   RW         1537    .bss.pxCurrentTCB   tasks.o
    0x2000053c        -       0x00000004   Zero   RW         1553    .bss.pxDelayedTaskList  tasks.o
    0x20000540        -       0x00000004   Zero   RW         1701    .bss.pxEnd          heap_4.o
    0x20000544        -       0x00000004   Zero   RW         1554    .bss.pxOverflowDelayedTaskList  tasks.o
    0x20000548        -       0x0000008c   Zero   RW         1538    .bss.pxReadyTasksLists  tasks.o
    0x200005d4        -       0x00000c00   Zero   RW         1706    .bss.ucHeap         heap_4.o
    0x200011d4        -       0x00000001   Zero   RW         1739    .bss.ucMaxSysCallPriority  port.o
    0x200011d5   0x08003220   0x00000003   PAD
    0x200011d8        -       0x00000004   Zero   RW         1740    .bss.ulMaxPRIGROUPValue  port.o
    0x200011dc        -       0x00000004   Zero   RW          332    .bss.uwTick         stm32f1xx_hal.o
    0x200011e0        -       0x00000004   Zero   RW         1543    .bss.uxCurrentNumberOfTasks  tasks.o
    0x200011e4        -       0x00000004   Zero   RW         1542    .bss.uxDeletedTasksWaitingCleanUp  tasks.o
    0x200011e8        -       0x00000004   Zero   RW         1552    .bss.uxPendedTicks  tasks.o
    0x200011ec        -       0x00000004   Zero   RW         1545    .bss.uxSchedulerSuspended  tasks.o
    0x200011f0        -       0x00000004   Zero   RW         1540    .bss.uxTaskNumber   tasks.o
    0x200011f4        -       0x00000004   Zero   RW         1539    .bss.uxTopReadyPriority  tasks.o
    0x200011f8        -       0x00000001   Zero   RW         1702    .bss.xBlockAllocatedBit  heap_4.o
    0x200011f9   0x08003220   0x00000003   PAD
    0x200011fc        -       0x00000014   Zero   RW         1556    .bss.xDelayedTaskList1  tasks.o
    0x20001210        -       0x00000014   Zero   RW         1557    .bss.xDelayedTaskList2  tasks.o
    0x20001224        -       0x00000004   Zero   RW         1703    .bss.xFreeBytesRemaining  heap_4.o
    0x20001228        -       0x00000004   Zero   RW         1549    .bss.xIdleTaskHandle  tasks.o
    0x2000122c        -       0x00000004   Zero   RW         1705    .bss.xMinimumEverFreeBytesRemaining  heap_4.o
    0x20001230        -       0x00000004   Zero   RW         1550    .bss.xNextTaskUnblockTime  tasks.o
    0x20001234        -       0x00000004   Zero   RW         1555    .bss.xNumOfOverflows  tasks.o
    0x20001238        -       0x00000014   Zero   RW         1548    .bss.xPendingReadyList  tasks.o
    0x2000124c        -       0x00000004   Zero   RW         1544    .bss.xSchedulerRunning  tasks.o
    0x20001250        -       0x00000008   Zero   RW         1704    .bss.xStart         heap_4.o
    0x20001258        -       0x00000014   Zero   RW         1547    .bss.xSuspendedTaskList  tasks.o
    0x2000126c        -       0x00000014   Zero   RW         1541    .bss.xTasksWaitingTermination  tasks.o
    0x20001280        -       0x00000004   Zero   RW         1546    .bss.xTickCount     tasks.o
    0x20001284        -       0x00000004   Zero   RW         1551    .bss.xYieldPending  tasks.o
    0x20001288        -       0x00000200   Zero   RW            2    HEAP                startup_stm32f103xb.o
    0x20001488        -       0x00000400   Zero   RW            1    STACK               startup_stm32f103xb.o


==============================================================================

Image component sizes


      Code (inc. data)   RO Data    RW Data    ZI Data      Debug   Object Name

       192          0          0          0         40       4770   can.o
       148          0          0          0          0      19503   cmsis_os.o
        66          0          0          0          0       1986   dma.o
        94          0         40          0        600       4218   freertos.o
        68          0          0          0          0        913   gpio.o
       648          0          0          0       3093       3688   heap_4.o
       150          0          0          0          0       2194   list.o
       178          0          0          0          0       4963   main.o
       618         12          0          4          5       3698   port.o
       194          0          0          0         88       4158   spi.o
        64         26        236          0       1536        772   startup_stm32f103xb.o
        76          0          0          5          4       5712   stm32f1xx_hal.o
       840          6          0          0          0      13077   stm32f1xx_hal_can.o
       204          0          0          0          0       8687   stm32f1xx_hal_cortex.o
       756          0          0          0          0       7454   stm32f1xx_hal_dma.o
       506         20          0          0          0       4661   stm32f1xx_hal_gpio.o
        80          0          0          0          0       2348   stm32f1xx_hal_msp.o
      1438         20          0          0          0       7024   stm32f1xx_hal_rcc.o
       172          0          0          0          0      21444   stm32f1xx_hal_spi.o
      1030          0          0          0          0      44021   stm32f1xx_hal_tim.o
       122          0          0          0          0      18626   stm32f1xx_hal_tim_ex.o
       172          0          0          0         72       5807   stm32f1xx_hal_timebase_tim.o
      1226          0          0          0          0      24354   stm32f1xx_hal_uart.o
        92          0          0          0          0       2675   stm32f1xx_it.o
         2          0         24          4          0       1598   system_stm32f1xx.o
      1994          8          0          0        300      24787   tasks.o
       174          0          0          0         72       4509   tim.o
       652          0          0          0        352       6002   usart.o

    ----------------------------------------------------------------------
     12128         92        332         16       6168     253649   Object Totals
         0          0         32          0          0          0   (incl. Generated)
       172          0          0          3          6          0   (incl. Padding)

    ----------------------------------------------------------------------

      Code (inc. data)   RO Data    RW Data    ZI Data      Debug   Library Member Name

         8          0          0          0          0         68   __main.o
         0          0          0          0          0          0   __rtentry.o
        12          0          0          0          0          0   __rtentry2.o
         6          0          0          0          0          0   __rtentry4.o
        52          8          0          0          0          0   __scatter.o
        26          0          0          0          0          0   __scatter_copy.o
        28          0          0          0          0          0   __scatter_zi.o
        18          0          0          0          0         80   exit.o
         6          0          0          0          0        152   heapauxi.o
         0          0          0          0          0          0   indicate_semi.o
         2          0          0          0          0          0   libinit.o
         2          0          0          0          0          0   libinit2.o
         2          0          0          0          0          0   libshutdown.o
         2          0          0          0          0          0   libshutdown2.o
         8          4          0          0         96         68   libspace.o
        78          0          0          0          0         80   rt_memclr_w.o
         2          0          0          0          0          0   rtexit.o
        10          0          0          0          0          0   rtexit2.o
        12          4          0          0          0         68   sys_exit.o
        74          0          0          0          0         80   sys_stackheap_outer.o
         2          0          0          0          0         68   use_no_semi.o

    ----------------------------------------------------------------------
       356         16          0          0         96        664   Library Totals
         6          0          0          0          0          0   (incl. Padding)

    ----------------------------------------------------------------------

      Code (inc. data)   RO Data    RW Data    ZI Data      Debug   Library Name

       350         16          0          0         96        664   c_w.l

    ----------------------------------------------------------------------
       356         16          0          0         96        664   Library Totals

    ----------------------------------------------------------------------

==============================================================================


      Code (inc. data)   RO Data    RW Data    ZI Data      Debug   

     12484        108        332         16       6264     253633   Grand Totals
     12484        108        332         16       6264     253633   ELF Image Totals
     12484        108        332         16          0          0   ROM Totals

==============================================================================

    Total RO  Size (Code + RO Data)                12816 (  12.52kB)
    Total RW  Size (RW Data + ZI Data)              6280 (   6.13kB)
    Total ROM Size (Code + RO Data + RW Data)      12832 (  12.53kB)

==============================================================================

